2026-04-29 00:45:50, MOVE, v:1, k:ed@setbuild, mode:PICK
2026-04-29 00:45:52, EXEC, v:1, k:ed@setbuild, mode:FULL, rate:0
2026-04-29 00:47:16, EXEC, v:1, k:ed@setbuild, mode:FULL, size:125, fail:COMP
2026-04-29 00:47:17, EXEC, v:1, k:ed@setbuild, mode:FULL, fail:COMP
2026-04-29 00:49:32, EXEC, v:1, k:ed@setbuild, mode:FULL, rate:0, size:91
2026-04-29 00:49:53, EXEC, v:1, k:ed@setbuild, mode:FULL, rate:0, size:62
2026-04-29 00:50:10, EXEC, v:1, k:ed@setbuild, mode:FULL, rate:0, size:77
2026-04-29 00:50:22, MOVE, v:1, k:ed@setbuild, mode:BACK
2026-04-29 00:50:10, MOVE, v:1, k:ed@setbuild, mode:EDIT
2026-04-29 00:50:10, MOVE, v:1, k:ed@setbuild, mode:EDIT
2026-04-29 00:51:42, MOVE, v:1, k:ed@setbuild, mode:PICK
2026-04-29 00:51:43, EXEC, v:1, k:ed@setbuild, mode:FULL, rate:0
2026-04-29 00:52:03, EXEC, v:1, k:ed@setbuild, mode:FULL, rate:0, size:87
2026-04-29 00:52:58, EXEC, v:1, k:ed@setbuild, mode:FULL, size:105, fail:COMP
2026-04-29 00:53:14, EXEC, v:1, k:ed@setbuild, mode:FULL, rate:0, size:105
2026-04-29 00:53:16, MOVE, v:1, k:ed@setbuild, mode:BACK
2026-04-29 00:53:24, MOVE, v:1, k:ed@setbuild, mode:PICK
2026-04-29 00:53:14, MOVE, v:1, k:ed@setbuild, mode:EDIT
2026-04-29 00:54:06, MOVE, v:1, k:ed@setbuild, mode:EDIT
2026-04-29 01:00:18, MOVE, v:1, k:ed@setbuild, mode:EDIT
2026-04-29 01:01:02, MOVE, v:1, k:ed@setbuild, mode:BACK
2026-04-29 01:01:08, MOVE, v:1, k:ed@setbuild, mode:PICK
2026-04-29 01:01:11, EXEC, v:1, k:ed@setbuild, mode:FULL, rate:0, size:128
2026-04-29 01:01:12, MOVE, v:1, k:ed@setbuild, mode:BACK
2026-04-29 01:01:17, MOVE, v:1, k:ed@setbuild, mode:PICK
2026-04-29 01:01:17, MOVE, v:1, k:ed@setbuild, mode:BACK
2026-04-29 01:01:21, MOVE, v:1, k:ed@setbuild, mode:PICK
2026-04-29 01:01:21, EXEC, v:1, k:ed@setbuild, mode:FULL, rate:0
2026-04-29 01:01:22, MOVE, v:1, k:ed@setbuild, mode:BACK
2026-04-29 01:01:25, MOVE, v:1, k:ed@setbuild, mode:PICK
2026-04-29 01:03:13, MOVE, v:1, k:ed@setbuild, mode:BACK
2026-04-29 01:03:24, MOVE, v:1, k:ed@vetbuild, mode:PICK
2026-04-29 01:03:25, MOVE, v:1, k:ed@vetbuild, mode:BACK
2026-04-29 01:03:26, MOVE, v:1, k:ed@vetbuild, mode:PICK
2026-04-29 01:03:26, EXEC, v:1, k:ed@vetbuild, mode:FULL, rate:100
2026-04-29 01:03:27, MOVE, v:1, k:ed@vetbuild, mode:BACK
2026-04-29 01:03:45, SELF, v:1, k:ed@vetbuild, self:1, rate:100, concept:1
2026-04-29 01:04:08, MOVE, v:1, k:ed@setbuild, mode:PICK
2026-04-29 01:04:09, EXEC, v:1, k:ed@setbuild, mode:FULL, rate:33, size:142
2026-04-29 01:04:10, EXEC, v:1, k:ed@setbuild, mode:FULL, rate:33
2026-04-29 01:04:10, MOVE, v:1, k:ed@setbuild, mode:BACK
2026-04-29 01:04:20, SELF, v:1, k:ed@vetbuild, self:1, rate:100, concept:1, debug:1
2026-04-29 01:04:23, MOVE, v:1, k:ed@setbuild, mode:PICK
2026-04-29 01:04:24, EXEC, v:1, k:ed@setbuild, mode:FULL, rate:33
2026-04-29 01:04:29, MOVE, v:1, k:ed@setbuild, mode:BACK
2026-04-29 01:04:24, MOVE, v:1, k:ed@setbuild, mode:EDIT
2026-04-29 01:02:43, MOVE, v:1, k:ed@setbuild, mode:EDIT
2026-04-29 01:03:26, MOVE, v:1, k:ed@vetbuild, mode:EDIT
2026-04-29 01:07:07, MOVE, v:1, k:ed@setbuild, mode:PICK
2026-04-29 01:07:09, EXEC, v:1, k:ed@setbuild, mode:FULL, rate:33
2026-04-29 01:07:10, MOVE, v:1, k:ed@setbuild, mode:BACK
2026-04-29 01:07:15, MOVE, v:1, k:ed@setbuild, mode:PICK
2026-04-29 01:07:16, EXEC, v:1, k:ed@setbuild, mode:FULL, rate:33
2026-04-29 01:09:12, EXEC, v:1, k:ed@setbuild, mode:FULL, rate:66, size:151
2026-04-29 01:09:13, MOVE, v:1, k:ed@setbuild, mode:BACK
2026-04-29 01:09:37, MOVE, v:1, k:ed@setbuild, mode:PICK
2026-04-29 01:09:37, EXEC, v:1, k:ed@setbuild, mode:FULL, rate:66
2026-04-29 01:09:38, EXEC, v:1, k:ed@setbuild, mode:FULL, rate:66
2026-04-29 01:09:38, MOVE, v:1, k:ed@setbuild, mode:EDIT
2026-04-29 01:09:10, MOVE, v:1, k:ed@setbuild, mode:EDIT
2026-04-29 01:17:54, EXEC, v:1, k:ed@setbuild, mode:FULL, size:154, fail:COMP
2026-04-29 01:18:15, EXEC, v:1, k:ed@setbuild, mode:FULL, rate:66, size:154
2026-04-29 01:18:16, MOVE, v:1, k:ed@setbuild, mode:BACK
2026-04-29 01:18:19, MOVE, v:1, k:ed@setbuild, mode:PICK
2026-04-29 01:19:38, MOVE, v:1, k:ed@setbuild, mode:PICK
2026-04-29 01:19:39, EXEC, v:1, k:ed@setbuild, mode:FULL, rate:100, size:176
2026-04-29 01:19:39, MOVE, v:1, k:ed@setbuild, mode:BACK
2026-04-29 01:19:44, MOVE, v:1, k:ed@setbuild, mode:PICK
2026-04-29 01:20:16, EXEC, v:1, k:ed@setbuild, mode:FULL, rate:100, size:181
2026-04-29 01:20:17, EXEC, v:1, k:ed@setbuild, mode:FULL, rate:100
2026-04-29 01:20:18, MOVE, v:1, k:ed@setbuild, mode:BACK
2026-04-29 01:21:11, SELF, v:1, k:ed@setbuild, self:1, rate:100, study:45, concept:1, debug:1
2026-04-29 01:21:22, SELF, v:1, k:ed@setbuild, self:1, rate:100, study:45, concept:1
2026-04-29 01:22:05, MOVE, v:1, k:ed@bettersearch, mode:PICK
2026-04-29 01:22:06, EXEC, v:1, k:ed@bettersearch, mode:FULL, rate:18, size:33
2026-04-29 01:22:10, MOVE, v:1, k:ed@bettersearch, mode:BACK
2026-04-29 01:22:11, MOVE, v:1, k:ed@bettersearch, mode:PICK
2026-04-29 01:22:13, EXEC, v:1, k:ed@bettersearch, mode:FULL, rate:18
2026-04-29 01:20:16, MOVE, v:1, k:ed@setbuild, mode:EDIT
2026-04-29 01:20:17, MOVE, v:1, k:ed@setbuild, mode:EDIT
2026-04-29 01:22:13, MOVE, v:1, k:ed@bettersearch, mode:EDIT
2026-04-29 01:23:39, MOVE, v:1, k:ed@bettersearch, mode:BACK
2026-04-29 01:44:17, MOVE, v:1, k:ed@bettersearch, mode:PICK
2026-04-29 01:44:18, EXEC, v:1, k:ed@bettersearch, mode:FULL, size:35, fail:COMP
2026-04-29 01:44:47, EXEC, v:1, k:ed@bettersearch, mode:FULL, rate:100, size:47
2026-04-29 01:44:50, MOVE, v:1, k:ed@bettersearch, mode:BACK
2026-04-29 01:45:28, MOVE, v:1, k:ed@setbuild, mode:PICK
2026-04-29 01:45:29, EXEC, v:1, k:ed@setbuild, mode:FULL, rate:100
2026-04-29 01:45:30, MOVE, v:1, k:ed@setbuild, mode:BACK
2026-04-29 01:45:33, MOVE, v:1, k:ed@bettersearch, mode:PICK
2026-04-29 01:45:34, EXEC, v:1, k:ed@bettersearch, mode:FULL, rate:100
2026-04-29 01:45:43, MOVE, v:1, k:ed@bettersearch, mode:BACK
2026-04-29 01:45:55, MOVE, v:1, k:ed@bettersearch, mode:PICK
2026-04-29 01:45:56, EXEC, v:1, k:ed@bettersearch, mode:FULL, rate:100, size:45
2026-04-29 01:45:56, EXEC, v:1, k:ed@bettersearch, mode:FULL, rate:100, size:45
2026-04-29 01:45:57, MOVE, v:1, k:ed@bettersearch, mode:BACK
2026-04-29 01:46:07, MOVE, v:1, k:ed@bettersearch, mode:PICK
2026-04-29 01:46:08, EXEC, v:1, k:ed@bettersearch, mode:FULL, rate:100, size:47
2026-04-29 01:46:08, MOVE, v:1, k:ed@bettersearch, mode:BACK
2026-04-29 01:46:37, SELF, v:1, k:ed@bettersearch, self:1, rate:100, study:35, concept:1
2026-04-29 01:47:08, MOVE, v:1, k:ed@vetbuild, mode:PICK
2026-04-29 01:47:09, EXEC, v:1, k:ed@vetbuild, mode:FULL, rate:100
2026-04-29 01:47:09, MOVE, v:1, k:ed@vetbuild, mode:BACK
2026-04-29 01:47:13, SELF, v:1, k:ed@vetbuild, self:1, rate:100, concept:1
2026-04-29 01:47:13, MOVE, v:1, k:ed@vetbuild, mode:PICK
2026-04-29 01:47:14, MOVE, v:1, k:ed@vetbuild, mode:BACK
2026-04-29 01:47:19, SELF, v:1, k:ed@vetbuild, self:1, rate:100, concept:1, debug:1
