2026-05-18 23:23:48, MOVE, v:1, k:ed@lista_d1, mode:PICK
2026-05-18 23:23:50, MOVE, v:1, k:ed@lista_d1, mode:BACK
2026-05-18 23:23:55, MOVE, v:1, k:ed@lista_d2, mode:PICK
2026-05-18 23:26:15, EXEC, v:1, k:ed@lista_d2, mode:FULL, rate:0, size:99
2026-05-18 23:26:13, MOVE, v:1, k:ed@lista_d2, mode:EDIT
2026-05-18 23:26:15, MOVE, v:1, k:ed@lista_d2, mode:EDIT
2026-05-18 23:32:02, EXEC, v:1, k:ed@lista_d2, mode:FULL, rate:0, size:114
2026-05-18 23:32:03, MOVE, v:1, k:ed@lista_d2, mode:BACK
2026-05-18 23:32:14, MOVE, v:1, k:ed@lista_d2, mode:PICK
2026-05-18 23:32:26, EXEC, v:1, k:ed@lista_d2, mode:FULL, rate:0, size:118
2026-05-18 23:32:29, EXEC, v:1, k:ed@lista_d2, mode:FULL, rate:0, size:118
2026-05-18 23:33:53, MOVE, v:1, k:ed@lista_d2, mode:EDIT
2026-05-18 23:32:29, MOVE, v:1, k:ed@lista_d2, mode:EDIT
2026-05-18 23:33:54, EXEC, v:1, k:ed@lista_d2, mode:FULL, size:129, fail:COMP
2026-05-18 23:38:16, MOVE, v:1, k:ed@lista_d2, mode:BACK
2026-05-18 23:38:22, MOVE, v:1, k:ed@lista_d2, mode:PICK
2026-05-18 23:38:58, EXEC, v:1, k:ed@lista_d2, mode:FULL, size:150, fail:COMP
2026-05-18 23:39:00, MOVE, v:1, k:ed@lista_d2, mode:BACK
2026-05-18 23:39:03, MOVE, v:1, k:ed@lista_d2, mode:PICK
2026-05-18 23:39:04, EXEC, v:1, k:ed@lista_d2, mode:FULL, fail:COMP
2026-05-18 23:39:35, EXEC, v:1, k:ed@lista_d2, mode:FULL, rate:0, size:157
2026-05-18 23:41:09, EXEC, v:1, k:ed@lista_d2, mode:FULL, rate:0
2026-05-18 23:41:11, MOVE, v:1, k:ed@lista_d2, mode:BACK
2026-05-18 23:44:40, MOVE, v:1, k:ed@lista_d2, mode:PICK
2026-05-18 23:44:47, EXEC, v:1, k:ed@lista_d2, mode:FULL, rate:0, size:169
2026-05-18 23:45:15, EXEC, v:1, k:ed@lista_d2, mode:FULL, rate:0
2026-05-18 23:45:18, MOVE, v:1, k:ed@lista_d2, mode:BACK
2026-05-18 23:45:21, MOVE, v:1, k:ed@lista_d2, mode:PICK
2026-05-18 23:45:36, EXEC, v:1, k:ed@lista_d2, mode:FULL, rate:0, size:181
2026-05-18 23:46:08, EXEC, v:1, k:ed@lista_d2, mode:FULL, rate:20, size:181
2026-05-18 23:46:06, MOVE, v:1, k:ed@lista_d2, mode:EDIT
2026-05-18 23:46:08, MOVE, v:1, k:ed@lista_d2, mode:EDIT
2026-05-18 23:46:18, MOVE, v:1, k:ed@lista_d2, mode:BACK
2026-05-18 23:46:30, MOVE, v:1, k:ed@lista_d2, mode:PICK
2026-05-18 23:52:41, EXEC, v:1, k:ed@lista_d2, mode:FULL, rate:20, size:187
2026-05-18 23:52:58, EXEC, v:1, k:ed@lista_d2, mode:FULL, rate:20, size:194
2026-05-18 23:53:23, EXEC, v:1, k:ed@lista_d2, mode:FULL, rate:40, size:194
2026-05-18 23:53:25, MOVE, v:1, k:ed@lista_d2, mode:BACK
2026-05-18 23:55:16, MOVE, v:1, k:ed@lista_d2, mode:PICK
2026-05-18 23:55:17, EXEC, v:1, k:ed@lista_d2, mode:FULL, rate:40
2026-05-18 23:55:18, MOVE, v:1, k:ed@lista_d2, mode:BACK
2026-05-18 23:55:22, MOVE, v:1, k:ed@lista_d2, mode:PICK
2026-05-18 23:53:22, MOVE, v:1, k:ed@lista_d2, mode:EDIT
2026-05-18 23:55:17, MOVE, v:1, k:ed@lista_d2, mode:EDIT
2026-05-18 23:58:17, EXEC, v:1, k:ed@lista_d2, mode:FULL, rate:60, size:203
2026-05-18 23:58:24, MOVE, v:1, k:ed@lista_d2, mode:BACK
2026-05-18 23:58:41, SELF, v:1, k:ed@lista_d2, self:1, rate:60
2026-05-18 23:59:06, SELF, v:1, k:ed@lista_d2, self:1, rate:60, study:50, concept:1, refactor:1
2026-05-18 23:59:11, SELF, v:1, k:ed@lista_d2, self:1, rate:60, study:50, concept:1
2026-05-18 23:58:15, MOVE, v:1, k:ed@lista_d2, mode:EDIT
2026-05-18 23:58:17, MOVE, v:1, k:ed@lista_d2, mode:EDIT
