2026-05-19 00:02:43, MOVE, v:1, k:ed@lista_d2, mode:PICK
2026-05-19 00:02:43, EXEC, v:1, k:ed@lista_d2, mode:FULL, rate:60
2026-05-19 00:02:43, EXEC, v:1, k:ed@lista_d2, mode:FULL, rate:60
2026-05-19 00:02:44, EXEC, v:1, k:ed@lista_d2, mode:FULL, rate:60
2026-05-19 00:02:45, MOVE, v:1, k:ed@lista_d2, mode:BACK
2026-05-19 00:04:01, SELF, v:1, k:ed@lista_d2, self:1, rate:60, study:70, concept:1
2026-05-19 00:04:04, MOVE, v:1, k:ed@lista_d2, mode:PICK
2026-05-19 00:04:06, EXEC, v:1, k:ed@lista_d2, mode:FULL, rate:60
2026-05-19 00:05:26, EXEC, v:1, k:ed@lista_d2, mode:FULL, rate:60, size:217
2026-05-19 00:05:39, EXEC, v:1, k:ed@lista_d2, mode:FULL, rate:80, size:217
2026-05-19 00:05:39, MOVE, v:1, k:ed@lista_d2, mode:EDIT
2026-05-19 00:05:38, MOVE, v:1, k:ed@lista_d2, mode:EDIT
2026-05-19 00:07:09, EXEC, v:1, k:ed@lista_d2, mode:FULL, rate:80
2026-05-19 00:07:09, MOVE, v:1, k:ed@lista_d2, mode:BACK
2026-05-19 00:07:23, SELF, v:1, k:ed@lista_d2, self:1, rate:80, study:70, concept:1
2026-05-19 00:08:56, MOVE, v:1, k:ed@lista_d2, mode:PICK
2026-05-19 00:09:24, EXEC, v:1, k:ed@lista_d2, mode:FULL, rate:100, size:235
2026-05-19 00:09:25, MOVE, v:1, k:ed@lista_d2, mode:BACK
2026-05-19 00:09:33, MOVE, v:1, k:ed@lista_d2, mode:PICK
2026-05-19 00:09:52, MOVE, v:1, k:ed@lista_d2, mode:BACK
2026-05-19 00:09:55, MOVE, v:1, k:ed@lista_d1, mode:PICK
2026-05-19 00:10:24, EXEC, v:1, k:ed@lista_d1, mode:FULL, rate:100
2026-05-19 00:10:24, EXEC, v:1, k:ed@lista_d1, mode:FULL, rate:100
2026-05-19 00:10:24, MOVE, v:1, k:ed@lista_d1, mode:BACK
2026-05-19 00:10:26, MOVE, v:1, k:ed@lista_d2, mode:PICK
2026-05-19 00:10:27, EXEC, v:1, k:ed@lista_d2, mode:FULL, rate:100, size:239
2026-05-19 00:10:28, MOVE, v:1, k:ed@lista_d2, mode:BACK
2026-05-19 00:12:51, MOVE, v:1, k:ed@lista_d2, mode:PICK
2026-05-19 00:12:52, EXEC, v:1, k:ed@lista_d2, mode:FULL, rate:100, size:251
2026-05-19 00:12:52, MOVE, v:1, k:ed@lista_d2, mode:BACK
2026-05-19 00:13:10, SELF, v:1, k:ed@lista_d2, self:1, rate:100, study:60, concept:1
2026-05-19 00:13:34, MOVE, v:1, k:ed@lista_d4, mode:PICK
2026-05-19 00:13:35, EXEC, v:1, k:ed@lista_d4, mode:FULL, rate:0, size:124
2026-05-19 00:13:35, MOVE, v:1, k:ed@lista_d4, mode:EDIT
2026-05-19 00:17:51, MOVE, v:1, k:ed@lista_d4, mode:EDIT
2026-05-19 00:20:44, EXEC, v:1, k:ed@lista_d4, mode:FULL, size:124, fail:COMP
2026-05-19 00:20:45, MOVE, v:1, k:ed@lista_d4, mode:BACK
2026-05-19 00:18:01, MOVE, v:1, k:ed@lista_d4, mode:EDIT
2026-05-19 00:24:50, MOVE, v:1, k:ed@lista_d4, mode:PICK
2026-05-19 00:24:50, EXEC, v:1, k:ed@lista_d4, mode:FULL, fail:COMP
2026-05-19 00:24:51, MOVE, v:1, k:ed@lista_d4, mode:BACK
2026-05-19 00:35:59, MOVE, v:1, k:ed@lista_d4, mode:PICK
2026-05-19 00:36:00, EXEC, v:1, k:ed@lista_d4, mode:FULL, fail:COMP
2026-05-19 00:36:01, MOVE, v:1, k:ed@lista_d4, mode:BACK
2026-05-19 00:36:07, MOVE, v:1, k:ed@lista_d4, mode:PICK
2026-05-19 00:37:16, EXEC, v:1, k:ed@lista_d4, mode:FULL, size:131, fail:COMP
2026-05-19 00:37:32, EXEC, v:1, k:ed@lista_d4, mode:FULL, rate:0, size:143
2026-05-19 00:38:42, EXEC, v:1, k:ed@lista_d4, mode:FULL, rate:0, size:157
2026-05-19 00:39:47, EXEC, v:1, k:ed@lista_d4, mode:FULL, rate:0, size:167
2026-05-19 00:39:21, MOVE, v:1, k:ed@lista_d4, mode:EDIT
2026-05-19 00:39:47, MOVE, v:1, k:ed@lista_d4, mode:EDIT
2026-05-19 00:39:49, MOVE, v:1, k:ed@lista_d4, mode:BACK
2026-05-19 00:58:37, MOVE, v:1, k:ed@lista_d4, mode:PICK
2026-05-19 00:59:51, EXEC, v:1, k:ed@lista_d4, mode:FULL, rate:0, size:167
2026-05-19 01:01:47, EXEC, v:1, k:ed@lista_d4, mode:FULL, rate:66, size:167
2026-05-19 01:01:49, MOVE, v:1, k:ed@lista_d4, mode:BACK
2026-05-19 01:02:26, MOVE, v:1, k:ed@lista_d4, mode:PICK
2026-05-19 01:02:27, EXEC, v:1, k:ed@lista_d4, mode:FULL, rate:100, size:167
2026-05-19 01:02:29, MOVE, v:1, k:ed@lista_d4, mode:BACK
2026-05-19 01:02:51, SELF, v:1, k:ed@lista_d4, self:1, rate:100, study:60, concept:1
2026-05-19 01:02:51, MOVE, v:1, k:ed@lista_d4, mode:PICK
2026-05-19 01:02:53, EXEC, v:1, k:ed@lista_d4, mode:FULL, rate:100
2026-05-19 01:02:53, MOVE, v:1, k:ed@lista_d4, mode:BACK
2026-05-19 01:03:35, MOVE, v:1, k:ed@prin_list1, mode:PICK
2026-05-19 01:02:53, MOVE, v:1, k:ed@lista_d4, mode:EDIT
2026-05-19 01:03:46, MOVE, v:1, k:ed@prin_list1, mode:EDIT
2026-05-19 01:33:22, MOVE, v:1, k:ed@prin_list1, mode:BACK
2026-05-19 01:33:23, MOVE, v:1, k:ed@prin_list1, mode:PICK
2026-05-19 01:33:24, EXEC, v:1, k:ed@prin_list1, mode:FULL, size:172, fail:COMP
2026-05-19 01:33:25, MOVE, v:1, k:ed@prin_list1, mode:BACK
2026-05-19 01:34:06, MOVE, v:1, k:ed@prin_list1, mode:PICK
2026-05-19 01:34:10, EXEC, v:1, k:ed@prin_list1, mode:FREE
2026-05-19 01:34:14, EXEC, v:1, k:ed@prin_list1, mode:FULL, fail:COMP
2026-05-19 01:34:15, MOVE, v:1, k:ed@prin_list1, mode:BACK
2026-05-19 01:34:16, MOVE, v:1, k:ed@prin_list1, mode:PICK
2026-05-19 01:34:17, EXEC, v:1, k:ed@prin_list1, mode:FULL, fail:COMP
2026-05-19 01:34:24, EXEC, v:1, k:ed@prin_list1, mode:LOCK, rate:0, size:171
2026-05-19 01:34:25, MOVE, v:1, k:ed@prin_list1, mode:BACK
2026-05-19 01:34:56, MOVE, v:1, k:ed@editor, mode:PICK
2026-05-19 01:34:57, EXEC, v:1, k:ed@editor, mode:FULL, rate:0
2026-05-19 01:34:22, MOVE, v:1, k:ed@prin_list1, mode:EDIT
2026-05-19 01:34:24, MOVE, v:1, k:ed@prin_list1, mode:EDIT
2026-05-19 01:34:57, MOVE, v:1, k:ed@editor, mode:EDIT
2026-05-19 01:40:22, EXEC, v:1, k:ed@editor, mode:FULL, rate:0, size:18
2026-05-19 01:40:31, EXEC, v:1, k:ed@editor, mode:FULL, size:21, fail:COMP
2026-05-19 01:40:49, EXEC, v:1, k:ed@editor, mode:FULL, size:25, fail:COMP
2026-05-19 01:40:49, MOVE, v:1, k:ed@editor, mode:BACK
2026-05-19 01:40:52, MOVE, v:1, k:ed@editor, mode:PICK
2026-05-19 01:41:13, EXEC, v:1, k:ed@editor, mode:FULL, rate:0, size:30
2026-05-19 01:42:17, EXEC, v:1, k:ed@editor, mode:FULL, rate:0, size:35
2026-05-19 01:42:40, EXEC, v:1, k:ed@editor, mode:FULL, rate:0, size:41
2026-05-19 01:42:51, MOVE, v:1, k:ed@editor, mode:BACK
2026-05-19 01:42:54, MOVE, v:1, k:ed@editor, mode:PICK
2026-05-19 01:43:13, EXEC, v:1, k:ed@editor, mode:FULL, rate:0, size:45
2026-05-19 01:43:27, MOVE, v:1, k:ed@editor, mode:EDIT
2026-05-19 01:43:13, MOVE, v:1, k:ed@editor, mode:EDIT
2026-05-19 01:43:40, EXEC, v:1, k:ed@editor, mode:FULL, rate:0, size:47
2026-05-19 01:44:34, MOVE, v:1, k:ed@editor, mode:BACK
2026-05-19 01:44:36, MOVE, v:1, k:ed@editor, mode:PICK
2026-05-19 01:44:37, EXEC, v:1, k:ed@editor, mode:FULL, rate:0
2026-05-19 01:44:38, MOVE, v:1, k:ed@editor, mode:BACK
2026-05-19 01:44:39, MOVE, v:1, k:ed@editor, mode:PICK
2026-05-19 01:44:48, EXEC, v:1, k:ed@editor, mode:FULL, size:42, fail:COMP
2026-05-19 01:44:56, EXEC, v:1, k:ed@editor, mode:FULL, rate:0, size:41
2026-05-19 01:45:03, EXEC, v:1, k:ed@editor, mode:FULL, rate:0, size:47
2026-05-19 01:45:03, EXEC, v:1, k:ed@editor, mode:FULL, rate:0, size:47
2026-05-19 01:45:04, MOVE, v:1, k:ed@editor, mode:BACK
2026-05-19 01:45:12, MOVE, v:1, k:ed@editor, mode:PICK
2026-05-19 01:45:13, EXEC, v:1, k:ed@editor, mode:FULL, rate:0, size:47
2026-05-19 01:45:37, EXEC, v:1, k:ed@editor, mode:FULL, rate:0, size:51
2026-05-19 01:46:05, EXEC, v:1, k:ed@editor, mode:FULL, rate:0, size:54
2026-05-19 01:46:21, EXEC, v:1, k:ed@editor, mode:FULL, rate:100, size:54
2026-05-19 01:46:22, MOVE, v:1, k:ed@editor, mode:BACK
2026-05-19 01:46:29, MOVE, v:1, k:ed@editor, mode:PICK
2026-05-19 01:46:29, EXEC, v:1, k:ed@editor, mode:FULL, rate:100
2026-05-19 01:46:30, EXEC, v:1, k:ed@editor, mode:FULL, rate:100
2026-05-19 01:46:31, MOVE, v:1, k:ed@editor, mode:BACK
2026-05-19 01:46:49, SELF, v:1, k:ed@editor, self:1, rate:100, study:30
2026-05-19 01:47:29, SELF, v:1, k:ed@editorint, self:1, rate:100, study:120
2026-05-19 01:48:33, SELF, v:1, k:ed@fractais_png, self:1, rate:50
2026-05-19 01:48:39, SELF, v:1, k:ed@fractais_png, self:1, rate:100
2026-05-19 01:48:44, SELF, v:1, k:ed@fractais_png, self:1, rate:30
2026-05-19 01:50:28, SELF, v:1, k:ed@fractais_png, self:1, rate:60, study:180
