2026-04-07 00:41:41, SELF, v:1, k:ed@+recursao, self:1
2026-04-07 00:41:51, MOVE, v:1, k:ed@resto, mode:PICK
2026-04-07 00:41:52, EXEC, v:1, k:ed@resto, mode:FULL, size:5, fail:COMP
2026-04-07 00:41:54, MOVE, v:1, k:ed@resto, mode:BACK
2026-04-07 00:41:55, MOVE, v:1, k:ed@resto, mode:PICK
2026-04-07 01:02:31, EXEC, v:1, k:ed@resto, mode:FULL, size:11, fail:COMP
2026-04-07 01:02:33, EXEC, v:1, k:ed@resto, mode:FULL, fail:COMP
2026-04-07 01:02:47, EXEC, v:1, k:ed@resto, mode:FULL, size:12, fail:COMP
2026-04-07 01:02:57, EXEC, v:1, k:ed@resto, mode:FULL, fail:COMP
2026-04-07 01:02:58, EXEC, v:1, k:ed@resto, mode:FULL, fail:COMP
2026-04-07 01:02:58, EXEC, v:1, k:ed@resto, mode:FULL, fail:COMP
2026-04-07 01:03:10, EXEC, v:1, k:ed@resto, mode:FULL, size:13, fail:COMP
2026-04-07 01:04:11, EXEC, v:1, k:ed@resto, mode:FULL, rate:0, size:15
2026-04-07 01:04:32, EXEC, v:1, k:ed@resto, mode:FULL, rate:0, size:17
2026-04-07 01:04:46, MOVE, v:1, k:ed@resto, mode:BACK
2026-04-07 01:04:48, MOVE, v:1, k:ed@resto, mode:PICK
2026-04-07 01:05:58, EXEC, v:1, k:ed@resto, mode:FULL, rate:0, size:24
2026-04-07 01:06:17, EXEC, v:1, k:ed@resto, mode:FULL, rate:0, size:25
2026-04-07 01:06:57, EXEC, v:1, k:ed@resto, mode:FULL, rate:0, size:24
2026-04-07 01:07:06, EXEC, v:1, k:ed@resto, mode:FULL, rate:100, size:24
2026-04-07 01:07:08, MOVE, v:1, k:ed@resto, mode:BACK
2026-04-07 01:07:41, SELF, v:1, k:ed@resto, self:1, rate:100, study:35
2026-04-07 01:10:02, MOVE, v:1, k:ed@vetequals, mode:PICK
2026-04-07 01:10:04, EXEC, v:1, k:ed@vetequals, mode:FULL, rate:70, size:49
2026-04-07 01:12:55, EXEC, v:1, k:ed@vetequals, mode:FULL, rate:80, size:54
2026-04-07 01:13:48, EXEC, v:1, k:ed@vetequals, mode:FULL, rate:80, size:58
2026-04-07 01:14:19, EXEC, v:1, k:ed@vetequals, mode:FULL, rate:80, size:57
2026-04-07 01:15:05, EXEC, v:1, k:ed@vetequals, mode:FULL, rate:20, size:57
2026-04-07 01:16:07, EXEC, v:1, k:ed@vetequals, mode:FULL, rate:100, size:61
2026-04-07 01:16:53, MOVE, v:1, k:ed@vetequals, mode:BACK
2026-04-07 01:17:27, MOVE, v:1, k:ed@vetequals, mode:PICK
2026-04-07 01:18:32, EXEC, v:1, k:ed@vetequals, mode:FULL, rate:100
2026-04-07 01:18:40, EXEC, v:1, k:ed@vetequals, mode:FULL, rate:80, size:57
2026-04-07 01:18:49, EXEC, v:1, k:ed@vetequals, mode:FULL, rate:100, size:61
2026-04-07 01:18:57, EXEC, v:1, k:ed@vetequals, mode:FULL, rate:90, size:61
2026-04-07 01:19:05, EXEC, v:1, k:ed@vetequals, mode:FULL, rate:100, size:61
2026-04-07 01:19:34, EXEC, v:1, k:ed@vetequals, mode:FULL, rate:100, size:61
2026-04-07 01:19:35, MOVE, v:1, k:ed@vetequals, mode:BACK
2026-04-07 01:20:01, SELF, v:1, k:ed@vetequals, self:1, rate:100, study:20, concept:1
2026-04-07 01:20:11, SELF, v:1, k:ed@vetequals, self:1, rate:100, study:20
2026-04-07 01:20:56, MOVE, v:1, k:ed@triangulo, mode:PICK
2026-04-07 01:21:00, EXEC, v:1, k:ed@triangulo, mode:FULL, rate:0, size:47
2026-04-07 01:45:18, MOVE, v:1, k:ed@triangulo, mode:BACK
2026-04-07 01:45:24, MOVE, v:1, k:ed@triangulo, mode:PICK
2026-04-07 01:45:25, MOVE, v:1, k:ed@triangulo, mode:BACK
2026-04-07 01:45:48, MOVE, v:1, k:ed@labirinto, mode:PICK
2026-04-07 01:45:49, EXEC, v:1, k:ed@labirinto, mode:FULL, size:46, fail:COMP
2026-04-07 01:46:16, MOVE, v:1, k:ed@labirinto, mode:BACK
2026-04-07 01:46:19, MOVE, v:1, k:ed@treinando, mode:PICK
2026-04-07 01:46:20, EXEC, v:1, k:ed@treinando, mode:FULL, rate:0, size:84
2026-04-07 02:07:30, MOVE, v:1, k:ed@treinando, mode:BACK
2026-04-07 02:07:41, MOVE, v:1, k:ed@treinando, mode:PICK
2026-04-07 02:07:42, EXEC, v:1, k:ed@treinando, mode:FULL, rate:0
2026-04-07 02:09:07, EXEC, v:1, k:ed@treinando, mode:FULL, rate:16, size:96
2026-04-07 02:10:49, EXEC, v:1, k:ed@treinando, mode:FULL, rate:16, size:101
2026-04-07 02:11:23, EXEC, v:1, k:ed@treinando, mode:FULL, rate:33, size:108
2026-04-07 02:13:00, EXEC, v:1, k:ed@treinando, mode:FULL, rate:50, size:111
2026-04-07 02:14:03, EXEC, v:1, k:ed@treinando, mode:FULL, rate:50, size:114
2026-04-07 02:14:16, EXEC, v:1, k:ed@treinando, mode:FULL, rate:66, size:114
2026-04-07 02:16:32, MOVE, v:1, k:ed@treinando, mode:BACK
2026-04-07 02:16:54, MOVE, v:1, k:ed@treinando, mode:PICK
2026-04-07 02:16:55, EXEC, v:1, k:ed@treinando, mode:FULL, rate:66
2026-04-07 02:17:30, EXEC, v:1, k:ed@treinando, mode:FULL, rate:83, size:118
2026-04-07 02:17:45, EXEC, v:1, k:ed@treinando, mode:FULL, rate:83, size:120
2026-04-07 02:20:44, EXEC, v:1, k:ed@treinando, mode:FULL, size:138, fail:COMP
2026-04-07 02:21:49, EXEC, v:1, k:ed@treinando, mode:FULL, rate:100, size:141
2026-04-07 02:21:51, MOVE, v:1, k:ed@treinando, mode:BACK
2026-04-07 02:22:22, SELF, v:1, k:ed@treinando, self:1, rate:100, study:50, concept:1, refactor:1
2026-04-07 02:24:45, MOVE, v:1, k:ed@treinando, mode:PICK
2026-04-07 02:24:46, EXEC, v:1, k:ed@treinando, mode:FULL, rate:100, size:140
2026-04-07 02:24:46, EXEC, v:1, k:ed@treinando, mode:FULL, rate:100, size:140
2026-04-07 02:24:47, EXEC, v:1, k:ed@treinando, mode:FULL, rate:100, size:140
2026-04-07 02:24:47, MOVE, v:1, k:ed@treinando, mode:BACK
2026-04-07 02:25:02, SELF, v:1, k:ed@treinando, self:1, rate:100, study:50, concept:1, refactor:1
2026-04-07 02:26:35, MOVE, v:1, k:ed@triangulo, mode:PICK
2026-04-07 02:27:18, EXEC, v:1, k:ed@triangulo, mode:FULL, rate:0
2026-04-07 02:27:52, EXEC, v:1, k:ed@triangulo, mode:FULL, rate:0, size:51
2026-04-07 02:30:36, EXEC, v:1, k:ed@triangulo, mode:FULL, rate:100, size:58
2026-04-07 02:30:38, MOVE, v:1, k:ed@triangulo, mode:BACK
2026-04-07 02:31:17, MOVE, v:1, k:ed@triangulo, mode:PICK
2026-04-07 02:31:17, EXEC, v:1, k:ed@triangulo, mode:FULL, rate:100, size:58
2026-04-07 02:31:18, MOVE, v:1, k:ed@triangulo, mode:BACK
2026-04-07 02:32:09, MOVE, v:1, k:ed@triangulo, mode:PICK
2026-04-07 02:32:10, EXEC, v:1, k:ed@triangulo, mode:FULL, rate:0, size:54
2026-04-07 02:32:15, EXEC, v:1, k:ed@triangulo, mode:FULL, rate:100, size:58
2026-04-07 02:34:22, MOVE, v:1, k:ed@triangulo, mode:BACK
2026-04-07 02:34:49, SELF, v:1, k:ed@triangulo, self:1, rate:100, study:40, concept:1, refactor:1
2026-04-07 13:15:15, MOVE, v:1, k:ed@triangulo, mode:PICK
2026-04-07 13:15:18, EXEC, v:1, k:ed@triangulo, mode:FULL, rate:100
2026-04-07 13:24:46, EXEC, v:1, k:ed@triangulo, mode:FULL, rate:100
2026-04-07 13:24:47, EXEC, v:1, k:ed@triangulo, mode:FULL, rate:100
2026-04-07 13:24:48, EXEC, v:1, k:ed@triangulo, mode:FULL, rate:100
2026-04-07 13:24:49, EXEC, v:1, k:ed@triangulo, mode:FULL, rate:100
2026-04-07 13:27:24, MOVE, v:1, k:ed@triangulo, mode:BACK
2026-04-07 13:28:52, MOVE, v:1, k:ed@triangulo, mode:PICK
2026-04-07 13:28:53, EXEC, v:1, k:ed@triangulo, mode:FULL, rate:0, size:58
2026-04-07 13:29:09, EXEC, v:1, k:ed@triangulo, mode:FULL, rate:100, size:58
2026-04-07 13:29:14, MOVE, v:1, k:ed@triangulo, mode:BACK
2026-04-07 13:29:17, MOVE, v:1, k:ed@mdc, mode:PICK
2026-04-07 13:29:24, EXEC, v:1, k:ed@mdc, mode:FULL, rate:0, size:15
2026-04-07 13:30:58, EXEC, v:1, k:ed@mdc, mode:FULL, size:17, fail:COMP
2026-04-07 13:31:31, EXEC, v:1, k:ed@mdc, mode:FULL, rate:100, size:19
2026-04-07 13:31:45, MOVE, v:1, k:ed@mdc, mode:BACK
2026-04-07 13:32:13, SELF, v:1, k:ed@mdc, self:1, rate:100, study:10, friend:Izabel
2026-04-07 13:33:17, MOVE, v:1, k:ed@mdc, mode:PICK
2026-04-07 13:33:18, EXEC, v:1, k:ed@mdc, mode:FULL, rate:100
2026-04-07 13:33:19, EXEC, v:1, k:ed@mdc, mode:FULL, rate:100
2026-04-07 13:33:20, EXEC, v:1, k:ed@mdc, mode:FULL, rate:100
2026-04-07 13:33:21, EXEC, v:1, k:ed@mdc, mode:FULL, rate:100
2026-04-07 13:33:22, EXEC, v:1, k:ed@mdc, mode:FULL, rate:100
2026-04-07 13:33:22, EXEC, v:1, k:ed@mdc, mode:FULL, rate:100
2026-04-07 13:33:23, EXEC, v:1, k:ed@mdc, mode:FULL, rate:100
2026-04-07 13:33:23, EXEC, v:1, k:ed@mdc, mode:FULL, rate:100
2026-04-07 13:33:24, EXEC, v:1, k:ed@mdc, mode:FULL, rate:100
2026-04-07 13:33:24, EXEC, v:1, k:ed@mdc, mode:FULL, rate:100
2026-04-07 13:33:25, EXEC, v:1, k:ed@mdc, mode:FULL, rate:100
2026-04-07 13:33:25, MOVE, v:1, k:ed@mdc, mode:BACK
2026-04-07 13:34:31, MOVE, v:1, k:ed@treinando, mode:PICK
2026-04-07 13:35:09, MOVE, v:1, k:ed@treinando, mode:BACK
2026-04-07 13:40:51, EXEC, v:1, k:fractais_png@go, mode:FREE, size:136
2026-04-07 13:42:16, EXEC, v:1, k:fractais_png@go, mode:FREE
2026-04-07 14:39:07, EXEC, v:1, k:workspaces@ed-ter-bloco-a-vinisantoszx, mode:FREE, size:1170
2026-04-07 14:39:22, EXEC, v:1, k:fractais_png@go, mode:FREE, size:139
2026-04-07 14:39:32, EXEC, v:1, k:fractais_png@go, mode:FREE
2026-04-07 14:39:36, EXEC, v:1, k:fractais_png@go, mode:FREE
2026-04-07 14:39:41, EXEC, v:1, k:fractais_png@go, mode:FREE
2026-04-07 14:39:58, EXEC, v:1, k:fractais_png@go, mode:FREE, size:139
2026-04-07 14:44:45, SELF, v:1, k:ed@+recursao, self:1, study:20
