2026-06-30 17:53:50, MOVE, v:1, k:ed@pilha, mode:PICK
2026-06-30 17:53:57, MOVE, v:1, k:ed@pilha, mode:BACK
2026-06-30 21:49:48, MOVE, v:1, k:ed@pilha, mode:PICK
2026-06-30 21:52:09, EXEC, v:1, k:ed@pilha, mode:FULL, rate:0, size:80
2026-06-30 21:54:42, MOVE, v:1, k:ed@pilha, mode:EDIT
2026-06-30 21:52:08, MOVE, v:1, k:ed@pilha, mode:EDIT
2026-06-30 21:56:17, EXEC, v:1, k:ed@pilha, mode:FULL, rate:0, size:86
2026-06-30 21:56:38, EXEC, v:1, k:ed@pilha, mode:FULL, rate:0, size:86
2026-06-30 21:57:21, EXEC, v:1, k:ed@pilha, mode:FULL, rate:0, size:90
2026-06-30 21:57:55, EXEC, v:1, k:ed@pilha, mode:FULL, rate:0, size:91
2026-06-30 21:58:29, EXEC, v:1, k:ed@pilha, mode:FULL, rate:33, size:91
2026-06-30 21:58:49, MOVE, v:1, k:ed@pilha, mode:BACK
2026-06-30 21:58:54, MOVE, v:1, k:ed@pilha, mode:PICK
2026-06-30 21:58:56, EXEC, v:1, k:ed@pilha, mode:FULL, rate:33
2026-06-30 21:59:41, MOVE, v:1, k:ed@pilha, mode:EDIT
2026-06-30 21:58:55, MOVE, v:1, k:ed@pilha, mode:EDIT
2026-06-30 22:00:56, EXEC, v:1, k:ed@pilha, mode:FULL, rate:33, size:95
2026-06-30 22:04:42, MOVE, v:1, k:ed@pilha, mode:EDIT
2026-06-30 22:00:56, MOVE, v:1, k:ed@pilha, mode:EDIT
2026-06-30 22:06:31, EXEC, v:1, k:ed@pilha, mode:FULL, rate:33, size:104
2026-06-30 22:09:36, MOVE, v:1, k:ed@pilha, mode:EDIT
2026-06-30 22:06:31, MOVE, v:1, k:ed@pilha, mode:EDIT
2026-06-30 22:11:05, EXEC, v:1, k:ed@pilha, mode:FULL, rate:66, size:115
2026-06-30 22:11:17, MOVE, v:1, k:ed@pilha, mode:BACK
2026-06-30 22:11:26, MOVE, v:1, k:ed@pilha, mode:PICK
2026-06-30 22:11:28, EXEC, v:1, k:ed@pilha, mode:FULL, rate:66
2026-06-30 22:13:29, EXEC, v:1, k:ed@pilha, mode:FULL, rate:100, size:119
2026-06-30 22:13:38, MOVE, v:1, k:ed@pilha, mode:BACK
2026-06-30 22:13:40, MOVE, v:1, k:ed@pilha, mode:PICK
2026-06-30 22:13:40, EXEC, v:1, k:ed@pilha, mode:FULL, rate:100
2026-06-30 22:13:41, MOVE, v:1, k:ed@pilha, mode:BACK
2026-06-30 22:13:50, MOVE, v:1, k:ed@pilha, mode:PICK
2026-06-30 22:13:50, EXEC, v:1, k:ed@pilha, mode:FULL, rate:100
2026-06-30 22:13:51, MOVE, v:1, k:ed@pilha, mode:BACK
2026-06-30 22:14:03, SELF, v:1, k:ed@pilha, self:1, rate:100, study:50, concept:1
2026-06-30 22:14:56, MOVE, v:1, k:ed@pilha, mode:PICK
2026-06-30 22:14:56, EXEC, v:1, k:ed@pilha, mode:FULL, rate:100
2026-06-30 22:15:02, MOVE, v:1, k:ed@pilha, mode:BACK
2026-06-30 22:16:18, MOVE, v:1, k:ed@chaves, mode:PICK
2026-06-30 22:16:21, EXEC, v:1, k:ed@chaves, mode:FULL, rate:0, size:47
2026-06-30 22:17:08, MOVE, v:1, k:ed@chaves, mode:BACK
2026-06-30 22:17:09, MOVE, v:1, k:ed@chaves, mode:PICK
2026-06-30 22:14:56, MOVE, v:1, k:ed@pilha, mode:EDIT
2026-06-30 22:16:20, MOVE, v:1, k:ed@chaves, mode:EDIT
2026-06-30 22:19:07, MOVE, v:1, k:ed@chaves, mode:EDIT
2026-06-30 22:20:11, EXEC, v:1, k:ed@chaves, mode:FULL, rate:0, size:53
2026-06-30 22:21:40, EXEC, v:1, k:ed@chaves, mode:FULL, rate:0, size:58
2026-06-30 22:22:20, EXEC, v:1, k:ed@chaves, mode:FULL, size:61, fail:COMP
2026-06-30 22:22:41, MOVE, v:1, k:ed@chaves, mode:EDIT
2026-06-30 22:21:40, MOVE, v:1, k:ed@chaves, mode:EDIT
2026-06-30 22:25:12, EXEC, v:1, k:ed@chaves, mode:FULL, rate:0, size:67
2026-06-30 22:25:16, MOVE, v:1, k:ed@chaves, mode:BACK
2026-06-30 22:25:21, MOVE, v:1, k:ed@chaves, mode:PICK
2026-06-30 22:25:22, EXEC, v:1, k:ed@chaves, mode:FULL, rate:0
2026-06-30 22:27:04, EXEC, v:1, k:ed@chaves, mode:FULL, rate:100, size:70
2026-06-30 22:27:09, EXEC, v:1, k:ed@chaves, mode:FULL, rate:100
2026-06-30 22:27:10, MOVE, v:1, k:ed@chaves, mode:BACK
2026-06-30 22:27:28, SELF, v:1, k:ed@chaves, self:1, rate:100, study:25, concept:1
2026-06-30 22:28:43, MOVE, v:1, k:ed@queimando, mode:PICK
2026-06-30 22:28:49, MOVE, v:1, k:ed@queimando, mode:BACK
2026-06-30 22:28:50, MOVE, v:1, k:ed@queimando, mode:PICK
2026-06-30 22:28:52, EXEC, v:1, k:ed@queimando, mode:FULL, size:77, fail:COMP
2026-06-30 22:37:29, MOVE, v:1, k:ed@queimando, mode:EDIT
2026-06-30 22:42:46, MOVE, v:1, k:ed@queimando, mode:EDIT
2026-06-30 22:43:48, EXEC, v:1, k:ed@queimando, mode:FULL, rate:20, size:83
2026-06-30 22:44:18, MOVE, v:1, k:ed@queimando, mode:BACK
2026-06-30 22:44:22, MOVE, v:1, k:ed@queimando, mode:PICK
2026-06-30 22:44:23, EXEC, v:1, k:ed@queimando, mode:FULL, rate:20
2026-06-30 22:45:44, MOVE, v:1, k:ed@queimando, mode:EDIT
2026-06-30 22:44:23, MOVE, v:1, k:ed@queimando, mode:EDIT
2026-06-30 22:52:41, MOVE, v:1, k:ed@queimando, mode:EDIT
2026-06-30 22:53:29, EXEC, v:1, k:ed@queimando, mode:FULL, rate:100, size:92
2026-06-30 22:53:31, MOVE, v:1, k:ed@queimando, mode:BACK
2026-06-30 22:53:33, MOVE, v:1, k:ed@queimando, mode:PICK
2026-06-30 22:53:34, EXEC, v:1, k:ed@queimando, mode:FULL, rate:100
2026-06-30 22:53:35, EXEC, v:1, k:ed@queimando, mode:FULL, rate:100
2026-06-30 22:53:35, EXEC, v:1, k:ed@queimando, mode:FULL, rate:100
2026-06-30 22:53:39, MOVE, v:1, k:ed@queimando, mode:BACK
2026-06-30 22:53:54, SELF, v:1, k:ed@queimando, self:1, rate:100, study:35, concept:1
2026-06-30 22:55:04, MOVE, v:1, k:ed@pilhado, mode:PICK
2026-06-30 23:11:28, MOVE, v:1, k:ed@pilhado, mode:BACK
