2026-06-10 00:02:04, MOVE, v:1, k:ed@especiais, mode:EDIT
2026-06-10 00:08:19, EXEC, v:1, k:ed@especiais, mode:FULL, rate:87, size:275
2026-06-10 00:08:21, MOVE, v:1, k:ed@especiais, mode:BACK
2026-06-10 00:08:38, SELF, v:1, k:ed@especiais, self:1, rate:87, concept:1, debug:1
2026-06-10 00:08:43, MOVE, v:1, k:ed@especiais, mode:PICK
2026-06-10 00:08:44, EXEC, v:1, k:ed@especiais, mode:FULL, rate:87
2026-06-10 00:08:46, EXEC, v:1, k:ed@especiais, mode:FULL, rate:87
2026-06-10 00:08:49, MOVE, v:1, k:ed@especiais, mode:BACK
2026-06-10 00:09:23, MOVE, v:1, k:ed@especiais, mode:PICK
2026-06-10 00:09:25, EXEC, v:1, k:ed@especiais, mode:FULL, rate:87
2026-06-10 00:09:25, MOVE, v:1, k:ed@especiais, mode:EDIT
2026-06-10 00:10:31, MOVE, v:1, k:ed@especiais, mode:EDIT
2026-06-10 00:11:24, EXEC, v:1, k:ed@especiais, mode:FULL, rate:87, size:281
2026-06-10 00:11:25, MOVE, v:1, k:ed@especiais, mode:BACK
2026-06-10 00:11:28, MOVE, v:1, k:ed@especiais, mode:PICK
2026-06-10 00:12:48, MOVE, v:1, k:ed@especiais, mode:BACK
2026-06-10 00:12:50, MOVE, v:1, k:ed@especiais, mode:PICK
2026-06-10 00:13:14, MOVE, v:1, k:ed@especiais, mode:EDIT
2026-06-10 00:11:24, MOVE, v:1, k:ed@especiais, mode:EDIT
2026-06-10 00:21:52, MOVE, v:1, k:ed@especiais, mode:EDIT
2026-06-10 00:26:07, EXEC, v:1, k:ed@especiais, mode:FULL, rate:100, size:291
2026-06-10 00:26:14, MOVE, v:1, k:ed@especiais, mode:BACK
2026-06-10 00:26:27, MOVE, v:1, k:ed@especiais, mode:PICK
2026-06-10 00:26:28, EXEC, v:1, k:ed@especiais, mode:FULL, rate:100
2026-06-10 00:26:54, SELF, v:1, k:ed@especiais, self:1, rate:100, study:200, concept:1, debug:1
2026-06-10 00:26:55, EXEC, v:1, k:ed@especiais, mode:FULL, rate:100
2026-06-10 00:26:56, MOVE, v:1, k:ed@especiais, mode:BACK
2026-06-10 00:27:01, MOVE, v:1, k:ed@especiais, mode:PICK
2026-06-10 00:27:01, EXEC, v:1, k:ed@especiais, mode:FULL, rate:100
2026-06-10 00:27:03, MOVE, v:1, k:ed@especiais, mode:BACK
2026-06-10 00:28:04, MOVE, v:1, k:ed@subset_sum, mode:PICK
2026-06-10 00:35:13, MOVE, v:1, k:ed@subset_sum, mode:PICK
2026-06-10 00:35:14, MOVE, v:1, k:ed@subset_sum, mode:BACK
2026-06-10 00:35:15, MOVE, v:1, k:ed@subset_sum, mode:PICK
2026-06-10 00:35:16, EXEC, v:1, k:ed@subset_sum, mode:FULL, rate:0, size:9
2026-06-10 00:35:16, MOVE, v:1, k:ed@subset_sum, mode:BACK
2026-06-10 00:35:18, MOVE, v:1, k:ed@subset_sum, mode:PICK
2026-06-10 00:35:20, EXEC, v:1, k:ed@subset_sum, mode:FULL, rate:0
2026-06-10 00:35:22, EXEC, v:1, k:ed@subset_sum, mode:FULL, rate:0
2026-06-10 00:35:23, EXEC, v:1, k:ed@subset_sum, mode:FREE
2026-06-10 00:36:10, EXEC, v:1, k:ed@subset_sum, mode:FULL, rate:0, size:11
2026-06-10 00:36:09, MOVE, v:1, k:ed@subset_sum, mode:EDIT
2026-06-10 00:36:59, MOVE, v:1, k:ed@subset_sum, mode:EDIT
2026-06-10 00:41:53, EXEC, v:1, k:ed@subset_sum, mode:FREE, size:15
2026-06-10 00:42:30, MOVE, v:1, k:ed@subset_sum, mode:BACK
2026-06-10 00:42:35, MOVE, v:1, k:ed@subset_sum, mode:PICK
2026-06-10 00:42:21, MOVE, v:1, k:ed@subset_sum, mode:EDIT
2026-06-10 00:42:22, MOVE, v:1, k:ed@subset_sum, mode:EDIT
2026-06-10 00:48:56, MOVE, v:1, k:ed@subset_sum, mode:EDIT
2026-06-10 00:54:46, EXEC, v:1, k:ed@subset_sum, mode:FULL, rate:0, size:21
2026-06-10 00:54:43, MOVE, v:1, k:ed@subset_sum, mode:EDIT
2026-06-10 00:54:46, MOVE, v:1, k:ed@subset_sum, mode:EDIT
2026-06-10 00:59:52, MOVE, v:1, k:ed@subset_sum, mode:EDIT
2026-06-10 01:00:38, EXEC, v:1, k:ed@subset_sum, mode:FULL, rate:0, size:29
2026-06-10 01:00:39, MOVE, v:1, k:ed@subset_sum, mode:BACK
2026-06-10 01:03:43, MOVE, v:1, k:ed@subset_sum, mode:PICK
2026-06-10 01:03:46, EXEC, v:1, k:ed@subset_sum, mode:FULL, rate:0
2026-06-10 01:05:10, MOVE, v:1, k:ed@subset_sum, mode:EDIT
2026-06-10 01:03:45, MOVE, v:1, k:ed@subset_sum, mode:EDIT
2026-06-10 01:07:39, EXEC, v:1, k:ed@subset_sum, mode:FULL, rate:0, size:33
2026-06-10 01:09:45, EXEC, v:1, k:ed@subset_sum, mode:FULL, size:37, fail:COMP
2026-06-10 01:09:47, MOVE, v:1, k:ed@subset_sum, mode:BACK
2026-06-10 01:09:54, MOVE, v:1, k:ed@subset_sum, mode:PICK
2026-06-10 01:09:46, MOVE, v:1, k:ed@subset_sum, mode:EDIT
2026-06-10 01:07:38, MOVE, v:1, k:ed@subset_sum, mode:EDIT
2026-06-10 01:12:28, EXEC, v:1, k:ed@subset_sum, mode:FULL, rate:0, size:39
2026-06-10 01:12:51, EXEC, v:1, k:ed@subset_sum, mode:FULL, rate:0, size:39
2026-06-10 01:13:18, MOVE, v:1, k:ed@subset_sum, mode:BACK
2026-06-10 01:13:24, MOVE, v:1, k:ed@subset_sum, mode:PICK
2026-06-10 01:13:25, EXEC, v:1, k:ed@subset_sum, mode:FULL, rate:0, size:39
2026-06-10 01:13:50, EXEC, v:1, k:ed@subset_sum, mode:FULL, rate:0, size:41
2026-06-10 01:14:59, EXEC, v:1, k:ed@subset_sum, mode:FULL, rate:100, size:39
2026-06-10 01:14:59, MOVE, v:1, k:ed@subset_sum, mode:EDIT
2026-06-10 01:14:59, MOVE, v:1, k:ed@subset_sum, mode:EDIT
2026-06-10 01:15:13, EXEC, v:1, k:ed@subset_sum, mode:FULL, rate:75, size:35
2026-06-10 01:15:31, EXEC, v:1, k:ed@subset_sum, mode:FULL, rate:100, size:41
2026-06-10 01:15:32, MOVE, v:1, k:ed@subset_sum, mode:BACK
2026-06-10 01:16:33, SELF, v:1, k:ed@subset_sum, self:1, rate:100, study:70, concept:1
2026-06-10 01:16:47, MOVE, v:1, k:ed@subset_sum, mode:PICK
2026-06-10 01:16:48, EXEC, v:1, k:ed@subset_sum, mode:FULL, rate:100
2026-06-10 01:16:49, MOVE, v:1, k:ed@subset_sum, mode:BACK
2026-06-10 01:17:28, MOVE, v:1, k:ed@subset_sum, mode:PICK
2026-06-10 01:17:29, EXEC, v:1, k:ed@subset_sum, mode:FULL, rate:100
2026-06-10 01:17:30, MOVE, v:1, k:ed@subset_sum, mode:BACK
2026-06-10 01:17:35, MOVE, v:1, k:ed@subset_sum, mode:PICK
2026-06-10 01:21:16, EXEC, v:1, k:ed@subset_sum, mode:FULL, rate:100
2026-06-10 01:21:18, MOVE, v:1, k:ed@subset_sum, mode:BACK
2026-06-10 01:22:20, MOVE, v:1, k:ed@distancia, mode:PICK
2026-06-10 01:24:38, MOVE, v:1, k:ed@distancia, mode:BACK
2026-06-10 01:25:14, MOVE, v:1, k:ed@distancia, mode:PICK
2026-06-10 01:25:14, EXEC, v:1, k:ed@distancia, mode:FULL, rate:0, size:5
2026-06-10 01:25:14, MOVE, v:1, k:ed@distancia, mode:EDIT
2026-06-10 01:36:13, EXEC, v:1, k:ed@distancia, mode:FULL, rate:0, size:9
2026-06-10 01:36:14, MOVE, v:1, k:ed@distancia, mode:BACK
2026-06-10 01:36:55, MOVE, v:1, k:ed@distancia, mode:PICK
2026-06-10 01:36:57, EXEC, v:1, k:ed@distancia, mode:FULL, rate:0
2026-06-10 01:36:11, MOVE, v:1, k:ed@distancia, mode:EDIT
2026-06-10 01:36:57, MOVE, v:1, k:ed@distancia, mode:EDIT
2026-06-10 01:40:35, MOVE, v:1, k:ed@distancia, mode:EDIT
2026-06-10 01:45:00, EXEC, v:1, k:ed@distancia, mode:FULL, size:18, fail:COMP
2026-06-10 01:45:20, EXEC, v:1, k:ed@distancia, mode:FULL, size:18, fail:COMP
2026-06-10 01:45:22, EXEC, v:1, k:ed@distancia, mode:FULL, fail:COMP
2026-06-10 01:45:23, MOVE, v:1, k:ed@distancia, mode:BACK
2026-06-10 01:46:23, MOVE, v:1, k:ed@distancia, mode:PICK
2026-06-10 01:46:24, EXEC, v:1, k:ed@distancia, mode:FULL, fail:COMP
2026-06-10 01:46:25, MOVE, v:1, k:ed@distancia, mode:BACK
2026-06-10 01:47:26, MOVE, v:1, k:ed@subset_sum, mode:PICK
2026-06-10 01:47:31, MOVE, v:1, k:ed@subset_sum, mode:BACK
2026-06-10 01:47:32, MOVE, v:1, k:ed@distancia, mode:PICK
2026-06-10 01:47:34, EXEC, v:1, k:ed@distancia, mode:FULL, size:21, fail:COMP
2026-06-10 01:49:10, EXEC, v:1, k:ed@distancia, mode:FULL, size:25, fail:COMP
2026-06-10 01:51:27, MOVE, v:1, k:ed@distancia, mode:EDIT
2026-06-10 01:52:22, EXEC, v:1, k:ed@distancia, mode:FULL, size:29, fail:COMP
2026-06-10 01:54:47, EXEC, v:1, k:ed@distancia, mode:FULL, size:37, fail:COMP
2026-06-10 01:54:48, MOVE, v:1, k:ed@distancia, mode:BACK
2026-06-10 01:54:52, MOVE, v:1, k:ed@distancia, mode:PICK
2026-06-10 01:56:27, MOVE, v:1, k:ed@distancia, mode:EDIT
2026-06-10 01:56:43, EXEC, v:1, k:ed@distancia, mode:FULL, size:50, fail:COMP
2026-06-10 01:58:52, EXEC, v:1, k:ed@distancia, mode:FULL, size:55, fail:COMP
2026-06-10 01:58:56, MOVE, v:1, k:ed@distancia, mode:BACK
2026-06-10 01:59:52, MOVE, v:1, k:ed@distancia, mode:PICK
2026-06-10 01:59:52, EXEC, v:1, k:ed@distancia, mode:FULL, size:57, fail:COMP
2026-06-10 01:59:53, MOVE, v:1, k:ed@distancia, mode:BACK
2026-06-10 01:59:56, MOVE, v:1, k:ed@distancia, mode:PICK
2026-06-10 01:59:57, EXEC, v:1, k:ed@distancia, mode:FULL, fail:COMP
2026-06-10 01:59:57, MOVE, v:1, k:ed@distancia, mode:BACK
2026-06-10 02:00:01, MOVE, v:1, k:ed@distancia, mode:PICK
2026-06-10 02:00:55, EXEC, v:1, k:ed@distancia, mode:FULL, size:63, fail:COMP
2026-06-10 02:01:09, MOVE, v:1, k:ed@distancia, mode:EDIT
2026-06-10 02:01:44, EXEC, v:1, k:ed@distancia, mode:FULL, rate:0, size:65
2026-06-10 02:02:01, MOVE, v:1, k:ed@distancia, mode:BACK
2026-06-10 02:02:03, MOVE, v:1, k:ed@distancia, mode:PICK
2026-06-10 02:02:04, EXEC, v:1, k:ed@distancia, mode:FULL, rate:0, size:67
2026-06-10 02:02:47, EXEC, v:1, k:ed@distancia, mode:FULL, rate:0, size:67
2026-06-10 02:03:55, EXEC, v:1, k:ed@distancia, mode:FULL, rate:0, size:63
2026-06-10 02:04:18, EXEC, v:1, k:ed@distancia, mode:FULL, rate:28, size:63
2026-06-10 02:06:07, EXEC, v:1, k:ed@distancia, mode:FULL, rate:100, size:62
2026-06-10 02:06:10, MOVE, v:1, k:ed@distancia, mode:BACK
2026-06-10 02:06:05, MOVE, v:1, k:ed@distancia, mode:EDIT
2026-06-10 02:06:07, MOVE, v:1, k:ed@distancia, mode:EDIT
2026-06-10 02:06:31, MOVE, v:1, k:ed@distancia, mode:PICK
2026-06-10 02:06:32, EXEC, v:1, k:ed@distancia, mode:FULL, rate:100
2026-06-10 02:06:34, MOVE, v:1, k:ed@distancia, mode:BACK
2026-06-10 02:07:02, MOVE, v:1, k:ed@distancia, mode:PICK
2026-06-10 02:07:02, EXEC, v:1, k:ed@distancia, mode:FULL, rate:100
2026-06-10 02:07:03, MOVE, v:1, k:ed@distancia, mode:BACK
2026-06-10 02:07:18, SELF, v:1, k:ed@distancia, self:1, rate:100, study:60, concept:1
2026-06-10 22:15:08, MOVE, v:1, k:ed@wordsearch, mode:PICK
2026-06-10 22:15:11, EXEC, v:1, k:ed@wordsearch, mode:FULL, rate:25, size:62
2026-06-10 22:15:19, MOVE, v:1, k:ed@wordsearch, mode:BACK
2026-06-10 22:15:21, MOVE, v:1, k:ed@wordsearch, mode:PICK
2026-06-10 22:17:36, EXEC, v:1, k:ed@wordsearch, mode:FULL, rate:25
2026-06-10 22:17:53, MOVE, v:1, k:ed@wordsearch, mode:BACK
2026-06-10 22:18:07, SELF, v:1, k:ed@wordsearch, self:1, rate:25
2026-06-10 22:18:15, SELF, v:1, k:ed@wordsearch, self:1, rate:25
2026-06-10 22:17:36, MOVE, v:1, k:ed@wordsearch, mode:EDIT
2026-06-10 22:19:53, MOVE, v:1, k:ed@wordsearch, mode:PICK
2026-06-10 22:19:55, EXEC, v:1, k:ed@wordsearch, mode:FULL, rate:0, size:67
2026-06-10 22:20:02, EXEC, v:1, k:ed@wordsearch, mode:FULL, rate:0, size:67
2026-06-10 22:23:34, MOVE, v:1, k:ed@wordsearch, mode:EDIT
2026-06-10 22:20:02, MOVE, v:1, k:ed@wordsearch, mode:EDIT
2026-06-10 22:24:25, EXEC, v:1, k:ed@wordsearch, mode:FULL, size:73, fail:COMP
2026-06-10 22:24:29, MOVE, v:1, k:ed@wordsearch, mode:BACK
2026-06-10 22:24:37, MOVE, v:1, k:ed@wordsearch, mode:PICK
2026-06-10 22:27:07, EXEC, v:1, k:ed@wordsearch, mode:FULL, size:75, fail:COMP
2026-06-10 22:28:33, EXEC, v:1, k:ed@wordsearch, mode:FULL, rate:25, size:79
2026-06-10 22:28:33, MOVE, v:1, k:ed@wordsearch, mode:EDIT
2026-06-10 22:28:33, MOVE, v:1, k:ed@wordsearch, mode:EDIT
2026-06-10 22:33:42, EXEC, v:1, k:ed@wordsearch, mode:FULL, rate:25, size:83
2026-06-10 22:33:41, MOVE, v:1, k:ed@wordsearch, mode:EDIT
2026-06-10 22:33:42, MOVE, v:1, k:ed@wordsearch, mode:EDIT
2026-06-10 22:36:05, MOVE, v:1, k:ed@wordsearch, mode:BACK
2026-06-10 22:36:14, MOVE, v:1, k:ed@wordsearch, mode:PICK
2026-06-10 22:36:25, MOVE, v:1, k:ed@wordsearch, mode:EDIT
2026-06-10 22:42:51, EXEC, v:1, k:ed@wordsearch, mode:FULL, rate:25, size:84
2026-06-10 22:43:00, EXEC, v:1, k:ed@wordsearch, mode:FULL, rate:25, size:83
2026-06-10 22:43:00, MOVE, v:1, k:ed@wordsearch, mode:BACK
2026-06-10 22:43:06, MOVE, v:1, k:ed@wordsearch, mode:PICK
2026-06-10 22:43:07, EXEC, v:1, k:ed@wordsearch, mode:FULL, rate:25
2026-06-10 22:43:08, MOVE, v:1, k:ed@wordsearch, mode:BACK
2026-06-10 22:43:18, MOVE, v:1, k:ed@wordsearch, mode:PICK
2026-06-10 22:43:18, EXEC, v:1, k:ed@wordsearch, mode:FULL, rate:25
2026-06-10 22:44:01, MOVE, v:1, k:ed@wordsearch, mode:EDIT
2026-06-10 22:43:18, MOVE, v:1, k:ed@wordsearch, mode:EDIT
2026-06-10 22:46:50, EXEC, v:1, k:ed@wordsearch, mode:FULL, rate:25, size:93
2026-06-10 22:48:00, MOVE, v:1, k:ed@wordsearch, mode:EDIT
2026-06-10 22:46:50, MOVE, v:1, k:ed@wordsearch, mode:EDIT
2026-06-10 22:52:20, EXEC, v:1, k:ed@wordsearch, mode:FULL, rate:100, size:93
2026-06-10 22:52:22, MOVE, v:1, k:ed@wordsearch, mode:BACK
2026-06-10 22:52:24, MOVE, v:1, k:ed@wordsearch, mode:PICK
2026-06-10 22:52:25, EXEC, v:1, k:ed@wordsearch, mode:FULL, rate:100
2026-06-10 22:52:25, MOVE, v:1, k:ed@wordsearch, mode:BACK
2026-06-10 22:52:27, MOVE, v:1, k:ed@wordsearch, mode:PICK
2026-06-10 22:52:27, EXEC, v:1, k:ed@wordsearch, mode:FULL, rate:100
2026-06-10 22:52:28, MOVE, v:1, k:ed@wordsearch, mode:BACK
2026-06-10 22:52:29, MOVE, v:1, k:ed@wordsearch, mode:PICK
2026-06-10 22:52:30, MOVE, v:1, k:ed@wordsearch, mode:BACK
2026-06-10 22:52:38, SELF, v:1, k:ed@wordsearch, self:1, rate:100, study:50, concept:1
2026-06-10 22:53:25, MOVE, v:1, k:ed@longest, mode:DOWN
2026-06-10 22:53:27, MOVE, v:1, k:ed@battleship, mode:DOWN
2026-06-10 22:52:19, MOVE, v:1, k:ed@wordsearch, mode:EDIT
2026-06-10 22:52:27, MOVE, v:1, k:ed@wordsearch, mode:EDIT
2026-06-10 22:53:25, MOVE, v:1, k:ed@longest, mode:EDIT
2026-06-10 22:53:25, MOVE, v:1, k:ed@longest, mode:EDIT
2026-06-10 22:53:25, MOVE, v:1, k:ed@longest, mode:EDIT
2026-06-10 22:53:27, MOVE, v:1, k:ed@battleship, mode:EDIT
2026-06-10 22:53:27, MOVE, v:1, k:ed@battleship, mode:EDIT
2026-06-10 22:53:27, MOVE, v:1, k:ed@battleship, mode:EDIT
2026-06-10 22:55:50, MOVE, v:1, k:ed@wordsearch, mode:PICK
2026-06-10 22:55:55, EXEC, v:1, k:ed@wordsearch, mode:FULL, rate:100
2026-06-10 22:55:55, MOVE, v:1, k:ed@wordsearch, mode:EDIT
2026-06-10 22:59:33, MOVE, v:1, k:ed@wordsearch, mode:EDIT
2026-06-10 23:00:26, EXEC, v:1, k:ed@wordsearch, mode:FULL, rate:100
2026-06-10 23:00:32, MOVE, v:1, k:ed@wordsearch, mode:BACK
2026-06-10 23:01:19, MOVE, v:1, k:ed@prin_list1, mode:PICK
2026-06-10 23:01:38, EXEC, v:1, k:ed@prin_list1, mode:LOCK, rate:0
2026-06-10 23:01:41, EXEC, v:1, k:ed@prin_list1, mode:LOCK, rate:0
2026-06-10 23:01:46, MOVE, v:1, k:ed@prin_list1, mode:BACK
2026-06-10 23:02:24, MOVE, v:1, k:ed@prin_list2, mode:DOWN
2026-06-10 23:02:25, MOVE, v:1, k:ed@prin_list2, mode:PICK
2026-06-10 23:02:30, EXEC, v:1, k:ed@prin_list2, mode:FULL, rate:0, size:46
2026-06-10 23:02:24, MOVE, v:1, k:ed@prin_list2, mode:EDIT
2026-06-10 23:02:24, MOVE, v:1, k:ed@prin_list2, mode:EDIT
2026-06-10 23:02:24, MOVE, v:1, k:ed@prin_list2, mode:EDIT
2026-06-10 23:02:51, MOVE, v:1, k:ed@prin_list2, mode:EDIT
2026-06-10 23:02:30, MOVE, v:1, k:ed@prin_list2, mode:EDIT
2026-06-10 23:07:39, EXEC, v:1, k:ed@prin_list2, mode:FULL, rate:0, size:49
2026-06-10 23:07:59, EXEC, v:1, k:ed@prin_list2, mode:FULL, rate:0, size:52
2026-06-10 23:08:01, MOVE, v:1, k:ed@prin_list2, mode:BACK
2026-06-10 23:08:11, MOVE, v:1, k:ed@prin_list2, mode:PICK
2026-06-10 23:07:58, MOVE, v:1, k:ed@prin_list2, mode:EDIT
2026-06-10 23:07:59, MOVE, v:1, k:ed@prin_list2, mode:EDIT
2026-06-10 23:13:01, EXEC, v:1, k:ed@prin_list2, mode:FULL, rate:0, size:55
2026-06-10 23:13:19, MOVE, v:1, k:ed@prin_list2, mode:BACK
2026-06-10 23:13:30, MOVE, v:1, k:ed@prin_list2, mode:PICK
2026-06-10 23:13:47, EXEC, v:1, k:ed@prin_list2, mode:FULL, size:59, fail:COMP
2026-06-10 23:13:55, EXEC, v:1, k:ed@prin_list2, mode:FULL, rate:0, size:59
2026-06-10 23:14:00, EXEC, v:1, k:ed@prin_list2, mode:FULL, size:59, fail:COMP
2026-06-10 23:14:00, MOVE, v:1, k:ed@prin_list2, mode:EDIT
2026-06-10 23:13:55, MOVE, v:1, k:ed@prin_list2, mode:EDIT
2026-06-10 23:19:18, EXEC, v:1, k:ed@prin_list2, mode:FULL, fail:COMP
2026-06-10 23:19:19, MOVE, v:1, k:ed@prin_list2, mode:BACK
2026-06-10 23:19:23, MOVE, v:1, k:ed@prin_list2, mode:PICK
2026-06-10 23:20:37, EXEC, v:1, k:ed@prin_list2, mode:FULL, fail:COMP
2026-06-10 23:21:11, EXEC, v:1, k:ed@prin_list2, mode:FULL, rate:0, size:65
2026-06-10 23:21:25, MOVE, v:1, k:ed@prin_list2, mode:EDIT
2026-06-10 23:21:11, MOVE, v:1, k:ed@prin_list2, mode:EDIT
2026-06-10 23:29:13, EXEC, v:1, k:ed@prin_list2, mode:FULL, rate:30, size:67
2026-06-10 23:29:26, MOVE, v:1, k:ed@prin_list2, mode:BACK
2026-06-10 23:29:57, MOVE, v:1, k:ed@prin_list2, mode:PICK
2026-06-10 23:29:58, EXEC, v:1, k:ed@prin_list2, mode:FULL, rate:30
2026-06-10 23:29:58, MOVE, v:1, k:ed@prin_list2, mode:EDIT
2026-06-10 23:30:14, MOVE, v:1, k:ed@prin_list2, mode:EDIT
2026-06-10 23:34:03, MOVE, v:1, k:ed@prin_list2, mode:EDIT
2026-06-10 23:38:22, EXEC, v:1, k:ed@prin_list2, mode:FULL, rate:100, size:69
2026-06-10 23:38:28, MOVE, v:1, k:ed@prin_list2, mode:BACK
2026-06-10 23:38:31, MOVE, v:1, k:ed@prin_list2, mode:PICK
2026-06-10 23:38:31, EXEC, v:1, k:ed@prin_list2, mode:FULL, rate:100
2026-06-10 23:38:32, EXEC, v:1, k:ed@prin_list2, mode:FULL, rate:100
2026-06-10 23:38:32, MOVE, v:1, k:ed@prin_list2, mode:BACK
2026-06-10 23:38:40, MOVE, v:1, k:ed@prin_list2, mode:PICK
2026-06-10 23:38:41, EXEC, v:1, k:ed@prin_list2, mode:FULL, rate:100, size:68
2026-06-10 23:38:43, MOVE, v:1, k:ed@prin_list2, mode:BACK
2026-06-10 23:38:51, MOVE, v:1, k:ed@prin_list2, mode:PICK
2026-06-10 23:38:56, EXEC, v:1, k:ed@prin_list2, mode:FULL, rate:100, size:69
2026-06-10 23:38:57, MOVE, v:1, k:ed@prin_list2, mode:BACK
2026-06-10 23:39:08, SELF, v:1, k:ed@prin_list2, self:1, rate:100, study:50, concept:1
2026-06-10 23:39:36, SELF, v:1, k:ed@lista_d1, self:1, rate:100, concept:1
2026-06-10 23:39:40, SELF, v:1, k:ed@lista_d1, self:1, rate:100, concept:1, problem:1
2026-06-10 23:40:02, MOVE, v:1, k:ed@magicsearch, mode:PICK
2026-06-10 23:40:07, MOVE, v:1, k:ed@magicsearch, mode:BACK
