2026-04-06 01:30:02, MOVE, v:1, k:ed@fractais_png, mode:PICK
2026-04-06 01:30:04, EXEC, v:1, k:ed@fractais_png, mode:FULL, size:136, fail:COMP
2026-04-06 01:30:06, EXEC, v:1, k:ed@fractais_png, mode:FULL, fail:COMP
2026-04-06 01:30:10, EXEC, v:1, k:ed@fractais_png, mode:FULL, fail:COMP
2026-04-06 01:30:11, EXEC, v:1, k:ed@fractais_png, mode:FULL, fail:COMP
2026-04-06 01:30:12, EXEC, v:1, k:ed@fractais_png, mode:FULL, fail:COMP
2026-04-06 01:30:13, EXEC, v:1, k:ed@fractais_png, mode:FREE
2026-04-06 01:30:16, MOVE, v:1, k:ed@fractais_png, mode:BACK
2026-04-06 01:30:22, MOVE, v:1, k:ed@fractais_png, mode:PICK
2026-04-06 01:30:36, MOVE, v:1, k:ed@fractais_png, mode:BACK
2026-04-06 01:30:41, MOVE, v:1, k:ed@queimada, mode:PICK
2026-04-06 01:30:42, EXEC, v:1, k:ed@queimada, mode:FULL, size:38, fail:COMP
2026-04-06 01:37:04, MOVE, v:1, k:ed@queimada, mode:BACK
2026-04-06 01:37:04, MOVE, v:1, k:ed@queimada, mode:PICK
2026-04-06 01:37:06, EXEC, v:1, k:ed@queimada, mode:FULL, rate:14, size:39
2026-04-06 01:37:17, MOVE, v:1, k:ed@queimada, mode:BACK
2026-04-06 01:37:22, MOVE, v:1, k:ed@queimada, mode:PICK
2026-04-06 01:37:23, EXEC, v:1, k:ed@queimada, mode:FULL, rate:14
2026-04-06 01:37:23, EXEC, v:1, k:ed@queimada, mode:FULL, rate:14
2026-04-06 01:37:25, EXEC, v:1, k:ed@queimada, mode:FULL, rate:14
2026-04-06 01:37:25, MOVE, v:1, k:ed@queimada, mode:BACK
2026-04-06 01:37:27, MOVE, v:1, k:ed@queimada, mode:PICK
2026-04-06 01:37:28, EXEC, v:1, k:ed@queimada, mode:FULL, rate:14
2026-04-06 01:39:14, EXEC, v:1, k:ed@queimada, mode:FULL, rate:14, size:45
2026-04-06 01:40:33, EXEC, v:1, k:ed@queimada, mode:FULL, rate:14, size:50
2026-04-06 01:41:06, EXEC, v:1, k:ed@queimada, mode:FULL, rate:14, size:48
2026-04-06 01:42:12, EXEC, v:1, k:ed@queimada, mode:FULL, rate:14, size:51
2026-04-06 01:42:37, EXEC, v:1, k:ed@queimada, mode:FULL, rate:14, size:53
2026-04-06 01:43:16, EXEC, v:1, k:ed@queimada, mode:FULL, rate:100, size:55
2026-04-06 01:43:18, MOVE, v:1, k:ed@queimada, mode:BACK
2026-04-06 01:43:25, MOVE, v:1, k:ed@queimada, mode:PICK
2026-04-06 01:43:27, EXEC, v:1, k:ed@queimada, mode:FREE
2026-04-06 01:43:32, EXEC, v:1, k:ed@queimada, mode:FULL, rate:100
2026-04-06 01:43:33, EXEC, v:1, k:ed@queimada, mode:FULL, rate:100
2026-04-06 01:43:36, EXEC, v:1, k:ed@queimada, mode:FULL, rate:100
2026-04-06 01:43:37, MOVE, v:1, k:ed@queimada, mode:BACK
2026-04-06 01:44:07, MOVE, v:1, k:ed@queimada, mode:PICK
2026-04-06 01:44:08, EXEC, v:1, k:ed@queimada, mode:FULL, rate:100
2026-04-06 01:44:09, EXEC, v:1, k:ed@queimada, mode:FULL, rate:100
2026-04-06 01:44:10, EXEC, v:1, k:ed@queimada, mode:FULL, rate:100
2026-04-06 01:44:16, EXEC, v:1, k:ed@queimada, mode:FULL, rate:100
2026-04-06 01:44:17, MOVE, v:1, k:ed@queimada, mode:BACK
2026-04-06 01:44:44, MOVE, v:1, k:ed@queimada, mode:PICK
2026-04-06 01:44:45, EXEC, v:1, k:ed@queimada, mode:FULL, rate:100
2026-04-06 01:44:46, EXEC, v:1, k:ed@queimada, mode:FULL, rate:100
2026-04-06 01:47:27, EXEC, v:1, k:ed@queimada, mode:FULL, rate:42, size:51
2026-04-06 01:48:05, EXEC, v:1, k:ed@queimada, mode:FULL, rate:100, size:55
2026-04-06 01:48:07, MOVE, v:1, k:ed@queimada, mode:BACK
2026-04-06 01:48:08, MOVE, v:1, k:ed@queimada, mode:PICK
2026-04-06 01:48:09, EXEC, v:1, k:ed@queimada, mode:FULL, rate:100
2026-04-06 01:52:14, EXEC, v:1, k:ed@queimada, mode:FULL, rate:100
2026-04-06 01:53:02, EXEC, v:1, k:ed@queimada, mode:FULL, rate:0, size:49
2026-04-06 01:53:19, EXEC, v:1, k:ed@queimada, mode:FULL, rate:100, size:49
2026-04-06 01:56:33, EXEC, v:1, k:ed@queimada, mode:FULL, rate:100, size:49
2026-04-06 01:56:34, MOVE, v:1, k:ed@queimada, mode:BACK
2026-04-06 01:57:33, SELF, v:1, k:ed@queimada, self:1, rate:100, study:40, concept:1
2026-04-06 01:58:12, MOVE, v:1, k:ed@eh_primo, mode:PICK
2026-04-06 01:58:13, EXEC, v:1, k:ed@eh_primo, mode:FULL, rate:44, size:20
2026-04-06 02:03:15, EXEC, v:1, k:ed@eh_primo, mode:FULL, rate:44
2026-04-06 02:04:37, EXEC, v:1, k:ed@eh_primo, mode:FULL, rate:55, size:19
2026-04-06 02:04:58, MOVE, v:1, k:ed@eh_primo, mode:BACK
2026-04-06 02:05:10, MOVE, v:1, k:ed@eh_primo, mode:PICK
2026-04-06 02:14:18, EXEC, v:1, k:ed@eh_primo, mode:FULL, rate:55, size:27
2026-04-06 02:16:08, EXEC, v:1, k:ed@eh_primo, mode:FULL, rate:100, size:33
2026-04-06 02:19:25, MOVE, v:1, k:ed@eh_primo, mode:BACK
2026-04-06 02:27:01, MOVE, v:1, k:ed@eh_primo, mode:PICK
2026-04-06 02:27:01, EXEC, v:1, k:ed@eh_primo, mode:FULL, rate:100
2026-04-06 02:27:02, EXEC, v:1, k:ed@eh_primo, mode:FULL, rate:100
2026-04-06 02:27:02, MOVE, v:1, k:ed@eh_primo, mode:BACK
2026-04-06 02:27:34, SELF, v:1, k:ed@eh_primo, self:1, rate:100, study:35
2026-04-06 02:27:36, MOVE, v:1, k:ed@queimada, mode:PICK
2026-04-06 02:27:38, MOVE, v:1, k:ed@queimada, mode:BACK
2026-04-06 02:27:41, SELF, v:1, k:ed@queimada, self:1, rate:100, study:40, concept:1
2026-04-06 02:27:42, MOVE, v:1, k:ed@queimada, mode:PICK
2026-04-06 02:27:43, EXEC, v:1, k:ed@queimada, mode:FULL, rate:100
2026-04-06 02:27:44, EXEC, v:1, k:ed@queimada, mode:FULL, rate:100
2026-04-06 02:27:44, MOVE, v:1, k:ed@queimada, mode:BACK
2026-04-06 02:27:53, SELF, v:1, k:ed@queimada, self:1, rate:100, study:40, concept:1
2026-04-06 02:28:04, SELF, v:1, k:ed@queimada, self:1, rate:100, study:40, concept:1
2026-04-06 02:28:07, MOVE, v:1, k:ed@queimada, mode:PICK
2026-04-06 02:28:08, EXEC, v:1, k:ed@queimada, mode:FULL, rate:100
2026-04-06 02:28:09, MOVE, v:1, k:ed@queimada, mode:BACK
2026-04-06 02:28:17, SELF, v:1, k:ed@queimada, self:1, rate:100, study:40, concept:1
2026-04-06 02:28:19, MOVE, v:1, k:ed@queimada, mode:PICK
2026-04-06 02:28:20, EXEC, v:1, k:ed@queimada, mode:FULL, rate:100
2026-04-06 02:28:21, MOVE, v:1, k:ed@queimada, mode:BACK
2026-04-06 02:28:46, SELF, v:1, k:ed@queimada, self:1, rate:100, study:40, concept:1
2026-04-06 02:28:47, MOVE, v:1, k:ed@eh_primo, mode:PICK
2026-04-06 02:28:48, MOVE, v:1, k:ed@eh_primo, mode:BACK
2026-04-06 02:28:53, SELF, v:1, k:ed@eh_primo, self:1, rate:100, study:35
