2026-05-05 13:25:12, MOVE, v:1, k:ed@iterador, mode:PICK
2026-05-05 13:25:13, MOVE, v:1, k:ed@iterador, mode:BACK
2026-05-05 13:25:24, MOVE, v:1, k:ed@iterador, mode:PICK
2026-05-05 13:25:27, EXEC, v:1, k:ed@iterador, mode:FULL, rate:33, size:82
2026-05-05 13:26:25, MOVE, v:1, k:ed@iterador, mode:BACK
2026-05-05 13:26:55, MOVE, v:1, k:ed@editor, mode:DOWN
2026-05-05 13:26:57, MOVE, v:1, k:ed@editor, mode:PICK
2026-05-05 13:26:59, EXEC, v:1, k:ed@editor, mode:FULL, rate:0, size:5
2026-05-05 13:27:17, MOVE, v:1, k:ed@editor, mode:BACK
2026-05-05 13:27:22, MOVE, v:1, k:ed@editorint, mode:DOWN
2026-05-05 13:27:23, MOVE, v:1, k:ed@editorint, mode:PICK
2026-05-05 13:29:48, MOVE, v:1, k:ed@editorint, mode:BACK
2026-05-05 13:32:02, MOVE, v:1, k:ed@editorint, mode:DOWN
2026-05-05 13:32:05, MOVE, v:1, k:ed@editorint, mode:PICK
2026-05-05 13:32:06, EXEC, v:1, k:ed@editorint, mode:FULL, size:259, fail:COMP
2026-05-05 13:32:20, MOVE, v:1, k:ed@editorint, mode:BACK
2026-05-05 13:32:21, MOVE, v:1, k:ed@editorint, mode:PICK
2026-05-05 13:32:21, EXEC, v:1, k:ed@editorint, mode:FULL, fail:COMP
2026-05-05 13:32:32, MOVE, v:1, k:ed@editorint, mode:BACK
2026-05-05 13:33:23, EXEC, v:1, k:ed@editorint, mode:FREE
2026-05-05 13:58:15, EXEC, v:1, k:ed@editorint, mode:FREE
2026-05-05 13:59:05, EXEC, v:1, k:ed@editorint, mode:FREE
2026-05-05 13:59:17, EXEC, v:1, k:ed@editorint, mode:FREE
2026-05-05 13:59:49, EXEC, v:1, k:ed@editorint, mode:FREE
2026-05-05 14:00:27, MOVE, v:1, k:ed@editorint, mode:EDIT
2026-05-05 13:59:50, MOVE, v:1, k:ed@editorint, mode:EDIT
2026-05-05 14:00:40, MOVE, v:1, k:ed@editorint, mode:EDIT
2026-05-05 14:07:08, EXEC, v:1, k:ed@editorint, mode:FREE
2026-05-05 14:08:32, EXEC, v:1, k:ed@editorint, mode:FREE
2026-05-05 14:08:58, EXEC, v:1, k:ed@editorint, mode:FREE
2026-05-05 14:10:07, MOVE, v:1, k:ed@editorint, mode:EDIT
2026-05-05 14:08:58, MOVE, v:1, k:ed@editorint, mode:EDIT
2026-05-05 14:10:57, EXEC, v:1, k:ed@editorint, mode:FREE
2026-05-05 14:11:50, MOVE, v:1, k:ed@editorint, mode:EDIT
2026-05-05 14:10:58, MOVE, v:1, k:ed@editorint, mode:EDIT
2026-05-05 14:15:59, EXEC, v:1, k:ed@editorint, mode:FREE
2026-05-05 14:16:12, EXEC, v:1, k:ed@editorint, mode:FREE
2026-05-05 14:16:25, EXEC, v:1, k:ed@editorint, mode:FREE
2026-05-05 14:16:33, EXEC, v:1, k:ed@editorint, mode:FREE
2026-05-05 14:16:42, EXEC, v:1, k:ed@editorint, mode:FREE
2026-05-05 14:16:52, EXEC, v:1, k:ed@editorint, mode:FREE
2026-05-05 14:17:06, EXEC, v:1, k:ed@editorint, mode:FREE
2026-05-05 14:17:25, EXEC, v:1, k:ed@editorint, mode:FREE
2026-05-05 14:17:48, EXEC, v:1, k:ed@editorint, mode:FREE
2026-05-05 14:18:00, EXEC, v:1, k:ed@editorint, mode:FREE
2026-05-05 14:18:17, EXEC, v:1, k:ed@editorint, mode:FREE
2026-05-05 14:18:38, EXEC, v:1, k:ed@editorint, mode:FREE
2026-05-05 14:18:59, EXEC, v:1, k:ed@editorint, mode:FREE
2026-05-05 14:20:06, MOVE, v:1, k:ed@editorint, mode:EDIT
2026-05-05 14:19:00, MOVE, v:1, k:ed@editorint, mode:EDIT
2026-05-05 14:20:57, EXEC, v:1, k:ed@editorint, mode:FREE
2026-05-05 14:22:40, EXEC, v:1, k:ed@editorint, mode:FREE
2026-05-05 14:24:34, MOVE, v:1, k:ed@editorint, mode:EDIT
2026-05-05 14:22:42, MOVE, v:1, k:ed@editorint, mode:EDIT
2026-05-05 14:28:51, EXEC, v:1, k:ed@editorint, mode:FREE
2026-05-05 14:29:14, EXEC, v:1, k:ed@editorint, mode:FREE
2026-05-05 14:29:10, MOVE, v:1, k:ed@editorint, mode:EDIT
2026-05-05 14:29:15, MOVE, v:1, k:ed@editorint, mode:EDIT
2026-05-05 14:33:25, MOVE, v:1, k:ed@editorint, mode:EDIT
2026-05-05 21:30:27, MOVE, v:1, k:ed@editorint, mode:PICK
2026-05-05 21:30:35, EXEC, v:1, k:ed@editorint, mode:LOCK, rate:100, size:266
2026-05-05 21:30:36, MOVE, v:1, k:ed@editorint, mode:BACK
2026-05-05 21:30:41, MOVE, v:1, k:ed@editorint, mode:PICK
2026-05-05 21:32:26, EXEC, v:1, k:ed@editorint, mode:LOCK, rate:100, size:266
2026-05-05 21:32:28, MOVE, v:1, k:ed@editorint, mode:BACK
2026-05-05 21:32:34, MOVE, v:1, k:ed@editorint, mode:PICK
2026-05-05 21:32:48, EXEC, v:1, k:ed@editorint, mode:LOCK, rate:100
2026-05-05 21:32:50, MOVE, v:1, k:ed@editorint, mode:BACK
2026-05-05 21:33:04, MOVE, v:1, k:ed@editorint, mode:PICK
2026-05-05 21:33:09, EXEC, v:1, k:ed@editorint, mode:LOCK, rate:100
2026-05-05 21:33:15, MOVE, v:1, k:ed@editorint, mode:BACK
2026-05-05 21:33:17, MOVE, v:1, k:ed@editorint, mode:PICK
2026-05-05 21:33:20, EXEC, v:1, k:ed@editorint, mode:LOCK, rate:100
2026-05-05 21:33:20, MOVE, v:1, k:ed@editorint, mode:BACK
2026-05-05 21:35:54, MOVE, v:1, k:ed@editorint, mode:PICK
2026-05-05 21:36:07, EXEC, v:1, k:ed@editorint, mode:LOCK, rate:100, size:276
2026-05-05 21:36:12, MOVE, v:1, k:ed@editorint, mode:BACK
2026-05-05 21:39:08, MOVE, v:1, k:ed@editorint, mode:PICK
2026-05-05 21:40:16, EXEC, v:1, k:ed@editorint, mode:LOCK, rate:100, size:289
2026-05-05 21:40:20, MOVE, v:1, k:ed@editorint, mode:PICK
2026-05-05 21:41:21, EXEC, v:1, k:ed@editorint, mode:LOCK, rate:100, size:302
2026-05-05 21:41:24, MOVE, v:1, k:ed@editorint, mode:PICK
2026-05-05 21:41:29, EXEC, v:1, k:ed@editorint, mode:LOCK, rate:0
2026-05-05 21:41:29, MOVE, v:1, k:ed@editorint, mode:BACK
2026-05-05 21:42:10, EXEC, v:1, k:ed@editorint, mode:FREE
2026-05-05 21:43:17, EXEC, v:1, k:ed@editorint, mode:FREE
2026-05-05 21:44:05, EXEC, v:1, k:ed@editorint, mode:FREE
2026-05-05 21:44:41, EXEC, v:1, k:ed@editorint, mode:FREE
2026-05-05 21:45:18, EXEC, v:1, k:ed@editorint, mode:FREE
2026-05-05 21:48:46, EXEC, v:1, k:ed@editorint, mode:FREE
2026-05-05 21:53:09, MOVE, v:1, k:ed@editorint, mode:PICK
2026-05-05 21:54:47, EXEC, v:1, k:ed@editorint, mode:LOCK, rate:100, size:326
2026-05-05 21:54:56, EXEC, v:1, k:ed@editorint, mode:FREE
2026-05-05 21:56:10, EXEC, v:1, k:ed@editorint, mode:FREE
2026-05-05 21:56:40, EXEC, v:1, k:ed@editorint, mode:FREE
2026-05-05 21:57:04, EXEC, v:1, k:ed@editorint, mode:FREE
2026-05-05 21:57:31, MOVE, v:1, k:ed@editorint, mode:PICK
2026-05-05 21:57:32, MOVE, v:1, k:ed@editorint, mode:EDIT
2026-05-05 21:57:23, MOVE, v:1, k:ed@editorint, mode:EDIT
2026-05-05 22:04:58, EXEC, v:1, k:ed@editorint, mode:LOCK, rate:100, size:332
2026-05-05 22:04:58, MOVE, v:1, k:ed@editorint, mode:BACK
2026-05-05 22:05:30, SELF, v:1, k:ed@editorint, self:1, rate:100, study:100
2026-05-05 22:05:37, MOVE, v:1, k:ed@lista_d1, mode:DOWN
2026-05-05 22:05:38, MOVE, v:1, k:ed@lista_d2, mode:DOWN
2026-05-05 22:05:39, MOVE, v:1, k:ed@lista_d4, mode:DOWN
2026-05-05 22:05:40, MOVE, v:1, k:ed@prin_list1, mode:DOWN
2026-05-05 22:05:42, MOVE, v:1, k:ed@editor, mode:PICK
2026-05-05 22:05:43, MOVE, v:1, k:ed@editor, mode:BACK
