2026-07-04 18:28:32, MOVE, v:1, k:ed@arvore-path, mode:PICK
2026-07-04 18:28:37, EXEC, v:1, k:ed@arvore-path, mode:FULL, size:80, fail:COMP
2026-07-04 18:28:52, EXEC, v:1, k:ed@arvore-path, mode:FULL, fail:COMP
2026-07-04 18:32:33, EXEC, v:1, k:ed@arvore-path, mode:FULL, rate:12, size:80
2026-07-04 18:36:19, EXEC, v:1, k:ed@arvore-path, mode:FULL, rate:12, size:80
2026-07-04 18:36:52, MOVE, v:1, k:ed@arvore-path, mode:EDIT
2026-07-04 18:36:18, MOVE, v:1, k:ed@arvore-path, mode:EDIT
2026-07-04 18:37:05, EXEC, v:1, k:ed@arvore-path, mode:FULL, rate:25, size:85
2026-07-04 18:37:20, EXEC, v:1, k:ed@arvore-path, mode:FULL, rate:25
2026-07-04 18:37:21, MOVE, v:1, k:ed@arvore-path, mode:BACK
2026-07-04 18:37:25, MOVE, v:1, k:ed@arvore-path, mode:PICK
2026-07-04 18:37:32, EXEC, v:1, k:ed@arvore-path, mode:FULL, rate:25
2026-07-04 18:41:27, EXEC, v:1, k:ed@arvore-path, mode:FULL, rate:37, size:90
2026-07-04 18:41:37, EXEC, v:1, k:ed@arvore-path, mode:FULL, rate:37
2026-07-04 18:41:26, MOVE, v:1, k:ed@arvore-path, mode:EDIT
2026-07-04 18:41:37, MOVE, v:1, k:ed@arvore-path, mode:EDIT
2026-07-04 18:45:00, EXEC, v:1, k:ed@arvore-path, mode:FULL, rate:100, size:95
2026-07-04 18:45:04, EXEC, v:1, k:ed@arvore-path, mode:FULL, rate:100
2026-07-04 18:45:05, EXEC, v:1, k:ed@arvore-path, mode:FULL, rate:100
2026-07-04 18:45:05, MOVE, v:1, k:ed@arvore-path, mode:BACK
2026-07-04 18:45:14, MOVE, v:1, k:ed@arvore-path, mode:PICK
2026-07-04 18:45:15, EXEC, v:1, k:ed@arvore-path, mode:FULL, rate:100
2026-07-04 18:45:15, EXEC, v:1, k:ed@arvore-path, mode:FULL, rate:100
2026-07-04 18:45:16, MOVE, v:1, k:ed@arvore-path, mode:BACK
2026-07-04 18:45:26, SELF, v:1, k:ed@arvore-path, self:1, rate:100, study:30, concept:1
2026-07-04 18:45:32, MOVE, v:1, k:ed@arvore-path, mode:PICK
2026-07-04 18:45:32, EXEC, v:1, k:ed@arvore-path, mode:FULL, rate:100
2026-07-04 18:45:33, MOVE, v:1, k:ed@arvore-path, mode:BACK
2026-07-04 18:46:28, MOVE, v:1, k:ed@bst_insert, mode:PICK
2026-07-04 18:46:35, EXEC, v:1, k:ed@bst_insert, mode:FULL, rate:0, size:65
2026-07-04 18:46:35, MOVE, v:1, k:ed@bst_insert, mode:EDIT
2026-07-04 18:55:05, MOVE, v:1, k:ed@bst_insert, mode:BACK
2026-07-04 18:55:06, MOVE, v:1, k:ed@bst_insert, mode:PICK
2026-07-04 18:55:07, MOVE, v:1, k:ed@bst_insert, mode:BACK
2026-07-04 18:55:09, MOVE, v:1, k:ed@bst_insert, mode:PICK
2026-07-04 18:55:09, EXEC, v:1, k:ed@bst_insert, mode:FULL, rate:0
2026-07-04 18:55:10, MOVE, v:1, k:ed@bst_insert, mode:BACK
2026-07-04 18:55:12, MOVE, v:1, k:ed@bst_insert, mode:PICK
2026-07-04 18:55:17, EXEC, v:1, k:ed@bst_insert, mode:FULL, rate:0
2026-07-04 18:55:18, MOVE, v:1, k:ed@bst_insert, mode:BACK
2026-07-04 18:55:22, MOVE, v:1, k:ed@bst_insert, mode:PICK
2026-07-04 18:55:17, MOVE, v:1, k:ed@bst_insert, mode:EDIT
2026-07-04 18:57:47, EXEC, v:1, k:ed@bst_insert, mode:FULL, rate:0, size:67
2026-07-04 18:57:47, MOVE, v:1, k:ed@bst_insert, mode:EDIT
2026-07-04 18:57:47, MOVE, v:1, k:ed@bst_insert, mode:EDIT
2026-07-04 19:01:06, EXEC, v:1, k:ed@bst_insert, mode:FULL, rate:0
2026-07-04 19:02:49, EXEC, v:1, k:ed@bst_insert, mode:FULL, size:71, fail:COMP
2026-07-04 19:05:32, MOVE, v:1, k:ed@bst_insert, mode:EDIT
2026-07-04 19:05:31, MOVE, v:1, k:ed@bst_insert, mode:EDIT
2026-07-04 19:06:06, MOVE, v:1, k:ed@bst_insert, mode:PICK
2026-07-04 19:07:18, MOVE, v:1, k:ed@bst_insert, mode:PICK
2026-07-04 19:07:37, EXEC, v:1, k:ed@bst_insert, mode:FULL, size:82, fail:COMP
2026-07-04 19:07:40, EXEC, v:1, k:ed@bst_insert, mode:FULL, fail:COMP
2026-07-04 19:07:47, MOVE, v:1, k:ed@bst_insert, mode:BACK
2026-07-04 19:07:49, MOVE, v:1, k:ed@bst_insert, mode:PICK
2026-07-04 19:09:36, MOVE, v:1, k:ed@bst_insert, mode:PICK
2026-07-04 19:09:59, MOVE, v:1, k:ed@bst_insert, mode:PICK
2026-07-04 19:10:36, MOVE, v:1, k:ed@bst_insert, mode:PICK
2026-07-04 19:15:42, EXEC, v:1, k:ed@bst_insert, mode:FULL, rate:0, size:93
2026-07-04 19:15:43, MOVE, v:1, k:ed@bst_insert, mode:BACK
2026-07-04 19:15:46, MOVE, v:1, k:ed@bst_insert, mode:PICK
2026-07-04 19:15:47, EXEC, v:1, k:ed@bst_insert, mode:FULL, rate:0
2026-07-04 19:16:10, EXEC, v:1, k:ed@bst_insert, mode:FULL, rate:0
2026-07-04 19:19:33, EXEC, v:1, k:ed@bst_insert, mode:FULL, rate:100, size:93
2026-07-04 19:19:38, EXEC, v:1, k:ed@bst_insert, mode:FULL, rate:100
2026-07-04 19:19:39, MOVE, v:1, k:ed@bst_insert, mode:BACK
2026-07-04 19:19:47, MOVE, v:1, k:ed@bst_insert, mode:PICK
2026-07-04 19:19:48, EXEC, v:1, k:ed@bst_insert, mode:FULL, rate:100
2026-07-04 19:19:49, EXEC, v:1, k:ed@bst_insert, mode:FULL, rate:100
2026-07-04 19:19:49, MOVE, v:1, k:ed@bst_insert, mode:BACK
2026-07-04 19:20:20, SELF, v:1, k:ed@bst_insert, self:1, rate:100, study:40, friend:Chrystian Kevine, concept:1
2026-07-04 19:19:32, MOVE, v:1, k:ed@bst_insert, mode:EDIT
2026-07-04 19:19:49, MOVE, v:1, k:ed@bst_insert, mode:EDIT
2026-07-04 19:20:37, MOVE, v:1, k:ed@bst_insert, mode:PICK
2026-07-04 19:20:38, EXEC, v:1, k:ed@bst_insert, mode:FULL, rate:100
2026-07-04 19:20:38, MOVE, v:1, k:ed@bst_insert, mode:BACK
2026-07-04 19:21:56, MOVE, v:1, k:ed@bst_remove, mode:PICK
2026-07-04 19:21:57, EXEC, v:1, k:ed@bst_remove, mode:FULL, rate:0, size:79
2026-07-04 19:21:57, MOVE, v:1, k:ed@bst_remove, mode:EDIT
2026-07-04 19:39:26, EXEC, v:1, k:ed@bst_remove, mode:FULL, rate:12, size:84
2026-07-04 19:40:40, MOVE, v:1, k:ed@bst_remove, mode:EDIT
2026-07-04 19:39:26, MOVE, v:1, k:ed@bst_remove, mode:EDIT
2026-07-04 19:45:42, MOVE, v:1, k:ed@bst_remove, mode:EDIT
2026-07-04 19:45:51, EXEC, v:1, k:ed@bst_remove, mode:FULL, rate:12, size:107
2026-07-04 19:46:31, EXEC, v:1, k:ed@bst_remove, mode:FULL, rate:12
2026-07-04 19:46:47, EXEC, v:1, k:ed@bst_remove, mode:FULL, rate:12
2026-07-04 19:46:47, MOVE, v:1, k:ed@bst_remove, mode:BACK
2026-07-04 19:46:56, MOVE, v:1, k:ed@bst_remove, mode:PICK
2026-07-04 19:45:50, MOVE, v:1, k:ed@bst_remove, mode:EDIT
2026-07-04 19:46:46, MOVE, v:1, k:ed@bst_remove, mode:EDIT
2026-07-04 19:52:36, EXEC, v:1, k:ed@bst_remove, mode:FULL, rate:12, size:109
2026-07-04 19:52:38, MOVE, v:1, k:ed@bst_remove, mode:BACK
2026-07-04 19:52:41, MOVE, v:1, k:ed@bst_remove, mode:PICK
2026-07-04 19:52:42, EXEC, v:1, k:ed@bst_remove, mode:FULL, rate:12
2026-07-04 19:53:11, EXEC, v:1, k:ed@bst_remove, mode:FULL, rate:12, size:109
2026-07-04 19:53:23, EXEC, v:1, k:ed@bst_remove, mode:FULL, rate:12, size:109
2026-07-04 19:53:30, EXEC, v:1, k:ed@bst_remove, mode:FULL, rate:12, size:109
2026-07-04 19:55:25, EXEC, v:1, k:ed@bst_remove, mode:FULL, rate:12, size:113
2026-07-04 19:55:23, MOVE, v:1, k:ed@bst_remove, mode:EDIT
2026-07-04 19:55:25, MOVE, v:1, k:ed@bst_remove, mode:EDIT
2026-07-04 19:56:48, EXEC, v:1, k:ed@bst_remove, mode:FULL, rate:12, size:115
2026-07-04 19:56:54, EXEC, v:1, k:ed@bst_remove, mode:FULL, rate:12
2026-07-04 19:56:57, MOVE, v:1, k:ed@bst_remove, mode:BACK
2026-07-04 19:57:03, MOVE, v:1, k:ed@bst_remove, mode:PICK
2026-07-04 19:57:57, EXEC, v:1, k:ed@bst_remove, mode:FULL, rate:12, size:115
2026-07-04 19:58:04, MOVE, v:1, k:ed@bst_remove, mode:EDIT
2026-07-04 19:57:57, MOVE, v:1, k:ed@bst_remove, mode:EDIT
2026-07-04 20:02:13, EXEC, v:1, k:ed@bst_remove, mode:FULL, rate:37, size:119
2026-07-04 20:02:23, EXEC, v:1, k:ed@bst_remove, mode:FULL, rate:37
2026-07-04 20:02:23, MOVE, v:1, k:ed@bst_remove, mode:BACK
2026-07-04 20:02:28, MOVE, v:1, k:ed@bst_remove, mode:PICK
2026-07-04 20:02:31, EXEC, v:1, k:ed@bst_remove, mode:FULL, rate:37
2026-07-04 20:02:12, MOVE, v:1, k:ed@bst_remove, mode:EDIT
2026-07-04 20:02:31, MOVE, v:1, k:ed@bst_remove, mode:EDIT
2026-07-04 20:06:46, EXEC, v:1, k:ed@bst_remove, mode:FULL, rate:37, size:123
2026-07-04 20:07:16, EXEC, v:1, k:ed@bst_remove, mode:FULL, rate:50, size:127
2026-07-04 20:07:57, EXEC, v:1, k:ed@bst_remove, mode:FULL, rate:50
2026-07-04 20:07:58, MOVE, v:1, k:ed@bst_remove, mode:BACK
2026-07-04 20:08:04, MOVE, v:1, k:ed@bst_remove, mode:PICK
2026-07-04 20:08:06, EXEC, v:1, k:ed@bst_remove, mode:FULL, rate:50
2026-07-04 20:09:09, EXEC, v:1, k:ed@bst_remove, mode:FULL, rate:50, size:133
2026-07-04 20:09:35, EXEC, v:1, k:ed@bst_remove, mode:FULL, rate:50, size:135
2026-07-04 20:10:18, EXEC, v:1, k:ed@bst_remove, mode:FULL, rate:100, size:136
2026-07-04 20:10:23, EXEC, v:1, k:ed@bst_remove, mode:FULL, rate:100
2026-07-04 20:10:24, EXEC, v:1, k:ed@bst_remove, mode:FULL, rate:100
2026-07-04 20:10:25, MOVE, v:1, k:ed@bst_remove, mode:BACK
2026-07-04 20:10:38, SELF, v:1, k:ed@bst_remove, self:1, rate:100, study:70, concept:1
2026-07-04 20:10:41, MOVE, v:1, k:ed@bst_remove, mode:PICK
2026-07-04 20:10:41, EXEC, v:1, k:ed@bst_remove, mode:FULL, rate:100
2026-07-04 20:10:42, EXEC, v:1, k:ed@bst_remove, mode:FULL, rate:100
2026-07-04 20:10:43, MOVE, v:1, k:ed@bst_remove, mode:BACK
2026-07-04 20:10:16, MOVE, v:1, k:ed@bst_remove, mode:EDIT
2026-07-04 20:10:42, MOVE, v:1, k:ed@bst_remove, mode:EDIT
